Component: ARM Compiler 5.05 update 1 (build 106) Tool: armlink [4d0efa]

==============================================================================

Section Cross References

    main.o(i.ENCODER_PID) refers to main.o(.data) for Position_Kp
    main.o(i.TIM5_IRQHandler) refers to stm32f4xx_tim.o(i.TIM_GetITStatus) for TIM_GetITStatus
    main.o(i.TIM5_IRQHandler) refers to encoder.o(i.Encoder_Get_Right) for Encoder_Get_Right
    main.o(i.TIM5_IRQHandler) refers to encoder.o(i.Encoder_Get_Left) for Encoder_Get_Left
    main.o(i.TIM5_IRQHandler) refers to stm32f4xx_tim.o(i.TIM_ClearITPendingBit) for TIM_ClearITPendingBit
    main.o(i.TIM5_IRQHandler) refers to main.o(.data) for Encoder_Right
    main.o(i.TRAKER_GOING) refers to main.o(i.ENCODER_PID) for ENCODER_PID
    main.o(i.TRAKER_GOING) refers to pwm.o(i.Motor_R_F_SPEED) for Motor_R_F_SPEED
    main.o(i.TRAKER_GOING) refers to pwm.o(i.Motor_L_F_SPEED) for Motor_L_F_SPEED
    main.o(i.TRAKER_GOING) refers to serial.o(i.Serial_SendByte) for Serial_SendByte
    main.o(i.TRAKER_GOING) refers to delay.o(i.Delay_ms) for Delay_ms
    main.o(i.TRAKER_GOING) refers to traker.o(.data) for IR_Data_number
    main.o(i.TRAKER_GOING) refers to main.o(.data) for Encoder_Left
    main.o(i.main) refers to red_control.o(i.Remote_Init) for Remote_Init
    main.o(i.main) refers to serial.o(i.USART3_Init) for USART3_Init
    main.o(i.main) refers to gpio.o(i.MOTOR_Init) for MOTOR_Init
    main.o(i.main) refers to pwm.o(i.TIM134_PWM_Init) for TIM134_PWM_Init
    main.o(i.main) refers to delay.o(i.Delay_Init) for Delay_Init
    main.o(i.main) refers to led.o(i.LED_Init) for LED_Init
    main.o(i.main) refers to usart.o(i.Usart_Config) for Usart_Config
    main.o(i.main) refers to encoder.o(i.Encoder_Init) for Encoder_Init
    main.o(i.main) refers to timer.o(i.TIM5_Init) for TIM5_Init
    main.o(i.main) refers to pwm.o(i.Motor_Stop) for Motor_Stop
    main.o(i.main) refers to sr04.o(i.Sr04_Init) for Sr04_Init
    main.o(i.main) refers to pstwo.o(i.PS2_Init) for PS2_Init
    main.o(i.main) refers to pstwo.o(i.PS2_SetInit) for PS2_SetInit
    main.o(i.main) refers to lcd_spi_169.o(i.SPI_LCD_Init) for SPI_LCD_Init
    main.o(i.main) refers to lcd_spi_169.o(i.LCD_SetDirection) for LCD_SetDirection
    main.o(i.main) refers to lcd_spi_169.o(i.LCD_SetTextFont) for LCD_SetTextFont
    main.o(i.main) refers to lcd_spi_169.o(i.LCD_SetBackColor) for LCD_SetBackColor
    main.o(i.main) refers to lcd_spi_169.o(i.LCD_SetColor) for LCD_SetColor
    main.o(i.main) refers to lcd_spi_169.o(i.LCD_Clear) for LCD_Clear
    main.o(i.main) refers to lcd_spi_169.o(i.LCD_DisplayText) for LCD_DisplayText
    main.o(i.main) refers to traker.o(i.TRAKER_Init) for TRAKER_Init
    main.o(i.main) refers to red_control.o(i.Remote_Scan) for Remote_Scan
    main.o(i.main) refers to red_control.o(i.Key_Scan) for Key_Scan
    main.o(i.main) refers to pwm.o(i.Motor_R_F_SPEED) for Motor_R_F_SPEED
    main.o(i.main) refers to pwm.o(i.Motor_L_F_SPEED) for Motor_L_F_SPEED
    main.o(i.main) refers to traker.o(i.TRAKER_SERVICE) for TRAKER_SERVICE
    main.o(i.main) refers to main.o(i.TRAKER_GOING) for TRAKER_GOING
    main.o(i.main) refers to sr04.o(i.control_if_move) for control_if_move
    main.o(i.main) refers to lcd_fonts.o(.data) for CH_Font24
    stm32f4xx_it.o(i.SysTick_Handler) refers to delay.o(i.TimingDelay_Decrement) for TimingDelay_Decrement
    led.o(i.LED_Init) refers to stm32f4xx_rcc.o(i.RCC_AHB1PeriphClockCmd) for RCC_AHB1PeriphClockCmd
    led.o(i.LED_Init) refers to stm32f4xx_gpio.o(i.GPIO_Init) for GPIO_Init
    led.o(i.LED_Init) refers to stm32f4xx_gpio.o(i.GPIO_ResetBits) for GPIO_ResetBits
    delay.o(i.Delay_Init) refers to system_stm32f4xx.o(.data) for SystemCoreClock
    delay.o(i.Delay_ms) refers to delay.o(.data) for TimingDelay
    delay.o(i.Delay_us) refers to delay.o(.data) for TimingDelay
    delay.o(i.TimingDelay_Decrement) refers to delay.o(.data) for TimingDelay
    delay.o(i.delay_us) refers to delay.o(.data) for TimingDelay
    pwm.o(i.Motor_L_F_SPEED) refers to stm32f4xx_tim.o(i.TIM_SetCompare1) for TIM_SetCompare1
    pwm.o(i.Motor_L_F_SPEED) refers to gpio.o(i.Set_Dir_L) for Set_Dir_L
    pwm.o(i.Motor_R_F_SPEED) refers to stm32f4xx_tim.o(i.TIM_SetCompare1) for TIM_SetCompare1
    pwm.o(i.Motor_R_F_SPEED) refers to gpio.o(i.Set_Dir_R) for Set_Dir_R
    pwm.o(i.Motor_Stop) refers to pwm.o(i.Motor_R_F_SPEED) for Motor_R_F_SPEED
    pwm.o(i.Motor_Stop) refers to pwm.o(i.Motor_L_F_SPEED) for Motor_L_F_SPEED
    pwm.o(i.PWM_SetCompare3) refers to stm32f4xx_tim.o(i.TIM_SetCompare3) for TIM_SetCompare3
    pwm.o(i.TIM134_PWM_Init) refers to stm32f4xx_rcc.o(i.RCC_APB1PeriphClockCmd) for RCC_APB1PeriphClockCmd
    pwm.o(i.TIM134_PWM_Init) refers to stm32f4xx_rcc.o(i.RCC_AHB1PeriphClockCmd) for RCC_AHB1PeriphClockCmd
    pwm.o(i.TIM134_PWM_Init) refers to stm32f4xx_gpio.o(i.GPIO_PinAFConfig) for GPIO_PinAFConfig
[...]
    ../clib/microlib/init/entry.s            0x00000000   Number         0  entry9a.o ABSOLUTE
    ../clib/microlib/init/entry.s            0x00000000   Number         0  entry8b.o ABSOLUTE
    ../clib/microlib/init/entry.s            0x00000000   Number         0  entry7a.o ABSOLUTE
    ../clib/microlib/init/entry.s            0x00000000   Number         0  entry8a.o ABSOLUTE
    ../clib/microlib/init/entry.s            0x00000000   Number         0  entry5.o ABSOLUTE
    ../clib/microlib/init/entry.s            0x00000000   Number         0  entry7b.o ABSOLUTE
    ../clib/microlib/init/entry.s            0x00000000   Number         0  entry11b.o ABSOLUTE
    ../clib/microlib/init/entry.s            0x00000000   Number         0  entry11a.o ABSOLUTE
    ../clib/microlib/init/entry.s            0x00000000   Number         0  entry2.o ABSOLUTE
    ../clib/microlib/init/entry.s            0x00000000   Number         0  entry10b.o ABSOLUTE
    ../clib/microlib/init/entry.s            0x00000000   Number         0  entry10a.o ABSOLUTE
    ../clib/microlib/init/entry.s            0x00000000   Number         0  entry9b.o ABSOLUTE
    ../clib/microlib/init/entry.s            0x00000000   Number         0  entry.o ABSOLUTE
    ../clib/microlib/longlong.c              0x00000000   Number         0  llsshr.o ABSOLUTE
    ../clib/microlib/longlong.c              0x00000000   Number         0  llshl.o ABSOLUTE
    ../clib/microlib/longlong.c              0x00000000   Number         0  llushr.o ABSOLUTE
    ../clib/microlib/printf/printf.c         0x00000000   Number         0  printfa.o ABSOLUTE
    ../clib/microlib/printf/printf.c         0x00000000   Number         0  printf0.o ABSOLUTE
    ../clib/microlib/printf/printf.c         0x00000000   Number         0  printf1.o ABSOLUTE
    ../clib/microlib/printf/printf.c         0x00000000   Number         0  printf8.o ABSOLUTE
    ../clib/microlib/printf/printf.c         0x00000000   Number         0  printf5.o ABSOLUTE
    ../clib/microlib/printf/printf.c         0x00000000   Number         0  printf7.o ABSOLUTE
    ../clib/microlib/printf/printf.c         0x00000000   Number         0  printf4.o ABSOLUTE
    ../clib/microlib/printf/printf.c         0x00000000   Number         0  printf3.o ABSOLUTE
    ../clib/microlib/printf/printf.c         0x00000000   Number         0  printf6.o ABSOLUTE
    ../clib/microlib/printf/printf.c         0x00000000   Number         0  printf2.o ABSOLUTE
    ../clib/microlib/printf/printf.c         0x00000000   Number         0  printfb.o ABSOLUTE
    ../clib/microlib/printf/stubs.s          0x00000000   Number         0  stubs.o ABSOLUTE
    ../clib/microlib/stdio/streams.c         0x00000000   Number         0  stdout.o ABSOLUTE
    ../clib/microlib/string/memcpy.c         0x00000000   Number         0  memcpyb.o ABSOLUTE
    ../clib/microlib/string/memcpy.c         0x00000000   Number         0  memcpya.o ABSOLUTE
    ../clib/microlib/string/memset.c         0x00000000   Number         0  memseta.o ABSOLUTE
    ../clib/microlib/string/strlen.c         0x00000000   Number         0  strlen.o ABSOLUTE
    ../clib/microlib/stubs.s                 0x00000000   Number         0  iusefp.o ABSOLUTE
    ../fplib/microlib/fpadd.c                0x00000000   Number         0  dadd.o ABSOLUTE
    ../fplib/microlib/fpdiv.c                0x00000000   Number         0  ddiv.o ABSOLUTE
    ../fplib/microlib/fpepilogue.c           0x00000000   Number         0  depilogue.o ABSOLUTE
    ../fplib/microlib/fpfix.c                0x00000000   Number         0  dfixul.o ABSOLUTE
    ../fplib/microlib/fpflt.c                0x00000000   Number         0  dfltui.o ABSOLUTE
    ../fplib/microlib/fpmul.c                0x00000000   Number         0  dmul.o ABSOLUTE
    ..\Drive\Source\delay.c                  0x00000000   Number         0  delay.o ABSOLUTE
    ..\Drive\Source\encoder.c                0x00000000   Number         0  encoder.o ABSOLUTE
    ..\Drive\Source\gpio.c                   0x00000000   Number         0  gpio.o ABSOLUTE
    ..\Drive\Source\inf_image.c              0x00000000   Number         0  inf_image.o ABSOLUTE
    ..\Drive\Source\lcd_fonts.c              0x00000000   Number         0  lcd_fonts.o ABSOLUTE
    ..\Drive\Source\lcd_image.c              0x00000000   Number         0  lcd_image.o ABSOLUTE
    ..\Drive\Source\lcd_spi_169.c            0x00000000   Number         0  lcd_spi_169.o ABSOLUTE
    ..\Drive\Source\lcd_test.c               0x00000000   Number         0  lcd_test.o ABSOLUTE
    ..\Drive\Source\led.c                    0x00000000   Number         0  led.o ABSOLUTE
    ..\Drive\Source\pstwo.c                  0x00000000   Number         0  pstwo.o ABSOLUTE
    ..\Drive\Source\pwm.c                    0x00000000   Number         0  pwm.o ABSOLUTE
    ..\Drive\Source\red_control.c            0x00000000   Number         0  red_control.o ABSOLUTE
    ..\Drive\Source\serial.c                 0x00000000   Number         0  serial.o ABSOLUTE
    ..\Drive\Source\sr04.c                   0x00000000   Number         0  sr04.o ABSOLUTE
    ..\Drive\Source\timer.c                  0x00000000   Number         0  timer.o ABSOLUTE
    ..\Drive\Source\traker.c                 0x00000000   Number         0  traker.o ABSOLUTE
    ..\Drive\Source\usart.c                  0x00000000   Number         0  usart.o ABSOLUTE
    ..\MY\main.c                             0x00000000   Number         0  main.o ABSOLUTE
    ..\MY\stm32f4xx_it.c                     0x00000000   Number         0  stm32f4xx_it.o ABSOLUTE
    ..\STM32\CMSIS\Device\ST\STM32F4xx\Source\Templates\arm\startup_stm32f40_41xxx.s 0x00000000   Number         0  startup_stm32f40_41xxx.o ABSOLUTE
    ..\STM32\CMSIS\Device\ST\STM32F4xx\Source\Templates\system_stm32f4xx.c 0x00000000   Number         0  system_stm32f4xx.o ABSOLUTE
    ..\STM32\STM32F4xx_StdPeriph_Driver\src\misc.c 0x00000000   Number         0  misc.o ABSOLUTE
    ..\STM32\STM32F4xx_StdPeriph_Driver\src\stm32f4xx_adc.c 0x00000000   Number         0  stm32f4xx_adc.o ABSOLUTE
    ..\STM32\STM32F4xx_StdPeriph_Driver\src\stm32f4xx_can.c 0x00000000   Number         0  stm32f4xx_can.o ABSOLUTE
    ..\STM32\STM32F4xx_StdPeriph_Driver\src\stm32f4xx_cec.c 0x00000000   Number         0  stm32f4xx_cec.o ABSOLUTE
    ..\STM32\STM32F4xx_StdPeriph_Driver\src\stm32f4xx_crc.c 0x00000000   Number         0  stm32f4xx_crc.o ABSOLUTE
    ..\STM32\STM32F4xx_StdPeriph_Driver\src\stm32f4xx_cryp.c 0x00000000   Number         0  stm32f4xx_cryp.o ABSOLUTE
    ..\STM32\STM32F4xx_StdPeriph_Driver\src\stm32f4xx_cryp_aes.c 0x00000000   Number         0  stm32f4xx_cryp_aes.o ABSOLUTE
    ..\STM32\STM32F4xx_StdPeriph_Driver\src\stm32f4xx_cryp_des.c 0x00000000   Number         0  stm32f4xx_cryp_des.o ABSOLUTE
    ..\STM32\STM32F4xx_StdPeriph_Driver\src\stm32f4xx_cryp_tdes.c 0x00000000   Number         0  stm32f4xx_cryp_tdes.o ABSOLUTE
    ..\STM32\STM32F4xx_StdPeriph_Driver\src\stm32f4xx_dac.c 0x00000000   Number         0  stm32f4xx_dac.o ABSOLUTE
    ..\STM32\STM32F4xx_StdPeriph_Driver\src\stm32f4xx_dbgmcu.c 0x00000000   Number         0  stm32f4xx_dbgmcu.o ABSOLUTE
    ..\STM32\STM32F4xx_StdPeriph_Driver\src\stm32f4xx_dcmi.c 0x00000000   Number         0  stm32f4xx_dcmi.o ABSOLUTE
    ..\STM32\STM32F4xx_StdPeriph_Driver\src\stm32f4xx_dfsdm.c 0x00000000   Number         0  stm32f4xx_dfsdm.o ABSOLUTE
    ..\STM32\STM32F4xx_StdPeriph_Driver\src\stm32f4xx_dma.c 0x00000000   Number         0  stm32f4xx_dma.o ABSOLUTE
    ..\STM32\STM32F4xx_StdPeriph_Driver\src\stm32f4xx_dma2d.c 0x00000000   Number         0  stm32f4xx_dma2d.o ABSOLUTE
    ..\STM32\STM32F4xx_StdPeriph_Driver\src\stm32f4xx_dsi.c 0x00000000   Number         0  stm32f4xx_dsi.o ABSOLUTE
    ..\STM32\STM32F4xx_StdPeriph_Driver\src\stm32f4xx_exti.c 0x00000000   Number         0  stm32f4xx_exti.o ABSOLUTE
    ..\STM32\STM32F4xx_StdPeriph_Driver\src\stm32f4xx_flash.c 0x00000000   Number         0  stm32f4xx_flash.o ABSOLUTE
    ..\STM32\STM32F4xx_StdPeriph_Driver\src\stm32f4xx_flash_ramfunc.c 0x00000000   Number         0  stm32f4xx_flash_ramfunc.o ABSOLUTE
    ..\STM32\STM32F4xx_StdPeriph_Driver\src\stm32f4xx_fmpi2c.c 0x00000000   Number         0  stm32f4xx_fmpi2c.o ABSOLUTE
    ..\STM32\STM32F4xx_StdPeriph_Driver\src\stm32f4xx_fsmc.c 0x00000000   Number         0  stm32f4xx_fsmc.o ABSOLUTE
    ..\STM32\STM32F4xx_StdPeriph_Driver\src\stm32f4xx_gpio.c 0x00000000   Number         0  stm32f4xx_gpio.o ABSOLUTE
    ..\STM32\STM32F4xx_StdPeriph_Driver\src\stm32f4xx_hash.c 0x00000000   Number         0  stm32f4xx_hash.o ABSOLUTE
    ..\STM32\STM32F4xx_StdPeriph_Driver\src\stm32f4xx_hash_md5.c 0x00000000   Number         0  stm32f4xx_hash_md5.o ABSOLUTE
    ..\STM32\STM32F4xx_StdPeriph_Driver\src\stm32f4xx_hash_sha1.c 0x00000000   Number         0  stm32f4xx_hash_sha1.o ABSOLUTE
    ..\STM32\STM32F4xx_StdPeriph_Driver\src\stm32f4xx_i2c.c 0x00000000   Number         0  stm32f4xx_i2c.o ABSOLUTE
    ..\STM32\STM32F4xx_StdPeriph_Driver\src\stm32f4xx_iwdg.c 0x00000000   Number         0  stm32f4xx_iwdg.o ABSOLUTE
    ..\STM32\STM32F4xx_StdPeriph_Driver\src\stm32f4xx_lptim.c 0x00000000   Number         0  stm32f4xx_lptim.o ABSOLUTE
    ..\STM32\STM32F4xx_StdPeriph_Driver\src\stm32f4xx_ltdc.c 0x00000000   Number         0  stm32f4xx_ltdc.o ABSOLUTE
    ..\STM32\STM32F4xx_StdPeriph_Driver\src\stm32f4xx_pwr.c 0x00000000   Number         0  stm32f4xx_pwr.o ABSOLUTE
    ..\STM32\STM32F4xx_StdPeriph_Driver\src\stm32f4xx_qspi.c 0x00000000   Number         0  stm32f4xx_qspi.o ABSOLUTE
    ..\STM32\STM32F4xx_StdPeriph_Driver\src\stm32f4xx_rcc.c 0x00000000   Number         0  stm32f4xx_rcc.o ABSOLUTE
    ..\STM32\STM32F4xx_StdPeriph_Driver\src\stm32f4xx_rng.c 0x00000000   Number         0  stm32f4xx_rng.o ABSOLUTE
    ..\STM32\STM32F4xx_StdPeriph_Driver\src\stm32f4xx_rtc.c 0x00000000   Number         0  stm32f4xx_rtc.o ABSOLUTE
    ..\STM32\STM32F4xx_StdPeriph_Driver\src\stm32f4xx_sai.c 0x00000000   Number         0  stm32f4xx_sai.o ABSOLUTE
    ..\STM32\STM32F4xx_StdPeriph_Driver\src\stm32f4xx_sdio.c 0x00000000   Number         0  stm32f4xx_sdio.o ABSOLUTE
    ..\STM32\STM32F4xx_StdPeriph_Driver\src\stm32f4xx_spdifrx.c 0x00000000   Number         0  stm32f4xx_spdifrx.o ABSOLUTE
    ..\STM32\STM32F4xx_StdPeriph_Driver\src\stm32f4xx_spi.c 0x00000000   Number         0  stm32f4xx_spi.o ABSOLUTE
    ..\STM32\STM32F4xx_StdPeriph_Driver\src\stm32f4xx_syscfg.c 0x00000000   Number         0  stm32f4xx_syscfg.o ABSOLUTE
    ..\STM32\STM32F4xx_StdPeriph_Driver\src\stm32f4xx_tim.c 0x00000000   Number         0  stm32f4xx_tim.o ABSOLUTE
    ..\STM32\STM32F4xx_StdPeriph_Driver\src\stm32f4xx_usart.c 0x00000000   Number         0  stm32f4xx_usart.o ABSOLUTE
    ..\STM32\STM32F4xx_StdPeriph_Driver\src\stm32f4xx_wwdg.c 0x00000000   Number         0  stm32f4xx_wwdg.o ABSOLUTE
    ..\\Drive\\Source\\delay.c               0x00000000   Number         0  delay.o ABSOLUTE
    ..\\Drive\\Source\\encoder.c             0x00000000   Number         0  encoder.o ABSOLUTE
    ..\\Drive\\Source\\gpio.c                0x00000000   Number         0  gpio.o ABSOLUTE
    ..\\Drive\\Source\\inf_image.c           0x00000000   Number         0  inf_image.o ABSOLUTE
    ..\\Drive\\Source\\lcd_spi_169.c         0x00000000   Number         0  lcd_spi_169.o ABSOLUTE
    ..\\Drive\\Source\\lcd_test.c            0x00000000   Number         0  lcd_test.o ABSOLUTE
    ..\\Drive\\Source\\led.c                 0x00000000   Number         0  led.o ABSOLUTE
    ..\\Drive\\Source\\pstwo.c               0x00000000   Number         0  pstwo.o ABSOLUTE
    ..\\Drive\\Source\\pwm.c                 0x00000000   Number         0  pwm.o ABSOLUTE
    ..\\Drive\\Source\\red_control.c         0x00000000   Number         0  red_control.o ABSOLUTE
    ..\\Drive\\Source\\serial.c              0x00000000   Number         0  serial.o ABSOLUTE
    ..\\Drive\\Source\\sr04.c                0x00000000   Number         0  sr04.o ABSOLUTE
    ..\\Drive\\Source\\timer.c               0x00000000   Number         0  timer.o ABSOLUTE
    ..\\Drive\\Source\\traker.c              0x00000000   Number         0  traker.o ABSOLUTE
    ..\\Drive\\Source\\usart.c               0x00000000   Number         0  usart.o ABSOLUTE
    ..\\MY\\main.c                           0x00000000   Number         0  main.o ABSOLUTE
    ..\\MY\\stm32f4xx_it.c                   0x00000000   Number         0  stm32f4xx_it.o ABSOLUTE
    ..\\STM32\\CMSIS\\Device\\ST\\STM32F4xx\\Source\\Templates\\system_stm32f4xx.c 0x00000000   Number         0  system_stm32f4xx.o ABSOLUTE
    ..\\STM32\\STM32F4xx_StdPeriph_Driver\\src\\misc.c 0x00000000   Number         0  misc.o ABSOLUTE
    ..\\STM32\\STM32F4xx_StdPeriph_Driver\\src\\stm32f4xx_adc.c 0x00000000   Number         0  stm32f4xx_adc.o ABSOLUTE
    ..\\STM32\\STM32F4xx_StdPeriph_Driver\\src\\stm32f4xx_can.c 0x00000000   Number         0  stm32f4xx_can.o ABSOLUTE
    ..\\STM32\\STM32F4xx_StdPeriph_Driver\\src\\stm32f4xx_cec.c 0x00000000   Number         0  stm32f4xx_cec.o ABSOLUTE
    ..\\STM32\\STM32F4xx_StdPeriph_Driver\\src\\stm32f4xx_crc.c 0x00000000   Number         0  stm32f4xx_crc.o ABSOLUTE
    ..\\STM32\\STM32F4xx_StdPeriph_Driver\\src\\stm32f4xx_cryp.c 0x00000000   Number         0  stm32f4xx_cryp.o ABSOLUTE
    ..\\STM32\\STM32F4xx_StdPeriph_Driver\\src\\stm32f4xx_cryp_aes.c 0x00000000   Number         0  stm32f4xx_cryp_aes.o ABSOLUTE
    ..\\STM32\\STM32F4xx_StdPeriph_Driver\\src\\stm32f4xx_cryp_des.c 0x00000000   Number         0  stm32f4xx_cryp_des.o ABSOLUTE
    ..\\STM32\\STM32F4xx_StdPeriph_Driver\\src\\stm32f4xx_cryp_tdes.c 0x00000000   Number         0  stm32f4xx_cryp_tdes.o ABSOLUTE
    ..\\STM32\\STM32F4xx_StdPeriph_Driver\\src\\stm32f4xx_dac.c 0x00000000   Number         0  stm32f4xx_dac.o ABSOLUTE
    ..\\STM32\\STM32F4xx_StdPeriph_Driver\\src\\stm32f4xx_dbgmcu.c 0x00000000   Number         0  stm32f4xx_dbgmcu.o ABSOLUTE
    ..\\STM32\\STM32F4xx_StdPeriph_Driver\\src\\stm32f4xx_dcmi.c 0x00000000   Number         0  stm32f4xx_dcmi.o ABSOLUTE
    ..\\STM32\\STM32F4xx_StdPeriph_Driver\\src\\stm32f4xx_dfsdm.c 0x00000000   Number         0  stm32f4xx_dfsdm.o ABSOLUTE
    ..\\STM32\\STM32F4xx_StdPeriph_Driver\\src\\stm32f4xx_dma.c 0x00000000   Number         0  stm32f4xx_dma.o ABSOLUTE
    ..\\STM32\\STM32F4xx_StdPeriph_Driver\\src\\stm32f4xx_dma2d.c 0x00000000   Number         0  stm32f4xx_dma2d.o ABSOLUTE
    ..\\STM32\\STM32F4xx_StdPeriph_Driver\\src\\stm32f4xx_dsi.c 0x00000000   Number         0  stm32f4xx_dsi.o ABSOLUTE
    ..\\STM32\\STM32F4xx_StdPeriph_Driver\\src\\stm32f4xx_exti.c 0x00000000   Number         0  stm32f4xx_exti.o ABSOLUTE
    ..\\STM32\\STM32F4xx_StdPeriph_Driver\\src\\stm32f4xx_flash.c 0x00000000   Number         0  stm32f4xx_flash.o ABSOLUTE
    ..\\STM32\\STM32F4xx_StdPeriph_Driver\\src\\stm32f4xx_flash_ramfunc.c 0x00000000   Number         0  stm32f4xx_flash_ramfunc.o ABSOLUTE
    ..\\STM32\\STM32F4xx_StdPeriph_Driver\\src\\stm32f4xx_fmpi2c.c 0x00000000   Number         0  stm32f4xx_fmpi2c.o ABSOLUTE
    ..\\STM32\\STM32F4xx_StdPeriph_Driver\\src\\stm32f4xx_fsmc.c 0x00000000   Number         0  stm32f4xx_fsmc.o ABSOLUTE
    ..\\STM32\\STM32F4xx_StdPeriph_Driver\\src\\stm32f4xx_gpio.c 0x00000000   Number         0  stm32f4xx_gpio.o ABSOLUTE
    ..\\STM32\\STM32F4xx_StdPeriph_Driver\\src\\stm32f4xx_hash.c 0x00000000   Number         0  stm32f4xx_hash.o ABSOLUTE
    ..\\STM32\\STM32F4xx_StdPeriph_Driver\\src\\stm32f4xx_hash_md5.c 0x00000000   Number         0  stm32f4xx_hash_md5.o ABSOLUTE
    ..\\STM32\\STM32F4xx_StdPeriph_Driver\\src\\stm32f4xx_hash_sha1.c 0x00000000   Number         0  stm32f4xx_hash_sha1.o ABSOLUTE
    ..\\STM32\\STM32F4xx_StdPeriph_Driver\\src\\stm32f4xx_i2c.c 0x00000000   Number         0  stm32f4xx_i2c.o ABSOLUTE
    ..\\STM32\\STM32F4xx_StdPeriph_Driver\\src\\stm32f4xx_iwdg.c 0x00000000   Number         0  stm32f4xx_iwdg.o ABSOLUTE
    ..\\STM32\\STM32F4xx_StdPeriph_Driver\\src\\stm32f4xx_lptim.c 0x00000000   Number         0  stm32f4xx_lptim.o ABSOLUTE
    ..\\STM32\\STM32F4xx_StdPeriph_Driver\\src\\stm32f4xx_ltdc.c 0x00000000   Number         0  stm32f4xx_ltdc.o ABSOLUTE
    ..\\STM32\\STM32F4xx_StdPeriph_Driver\\src\\stm32f4xx_pwr.c 0x00000000   Number         0  stm32f4xx_pwr.o ABSOLUTE
    ..\\STM32\\STM32F4xx_StdPeriph_Driver\\src\\stm32f4xx_qspi.c 0x00000000   Number         0  stm32f4xx_qspi.o ABSOLUTE
    ..\\STM32\\STM32F4xx_StdPeriph_Driver\\src\\stm32f4xx_rcc.c 0x00000000   Number         0  stm32f4xx_rcc.o ABSOLUTE
    ..\\STM32\\STM32F4xx_StdPeriph_Driver\\src\\stm32f4xx_rng.c 0x00000000   Number         0  stm32f4xx_rng.o ABSOLUTE
    ..\\STM32\\STM32F4xx_StdPeriph_Driver\\src\\stm32f4xx_rtc.c 0x00000000   Number         0  stm32f4xx_rtc.o ABSOLUTE
    ..\\STM32\\STM32F4xx_StdPeriph_Driver\\src\\stm32f4xx_sai.c 0x00000000   Number         0  stm32f4xx_sai.o ABSOLUTE
    ..\\STM32\\STM32F4xx_StdPeriph_Driver\\src\\stm32f4xx_sdio.c 0x00000000   Number         0  stm32f4xx_sdio.o ABSOLUTE
    ..\\STM32\\STM32F4xx_StdPeriph_Driver\\src\\stm32f4xx_spdifrx.c 0x00000000   Number         0  stm32f4xx_spdifrx.o ABSOLUTE
    ..\\STM32\\STM32F4xx_StdPeriph_Driver\\src\\stm32f4xx_spi.c 0x00000000   Number         0  stm32f4xx_spi.o ABSOLUTE
    ..\\STM32\\STM32F4xx_StdPeriph_Driver\\src\\stm32f4xx_syscfg.c 0x00000000   Number         0  stm32f4xx_syscfg.o ABSOLUTE
    ..\\STM32\\STM32F4xx_StdPeriph_Driver\\src\\stm32f4xx_tim.c 0x00000000   Number         0  stm32f4xx_tim.o ABSOLUTE
    ..\\STM32\\STM32F4xx_StdPeriph_Driver\\src\\stm32f4xx_usart.c 0x00000000   Number         0  stm32f4xx_usart.o ABSOLUTE
    ..\\STM32\\STM32F4xx_StdPeriph_Driver\\src\\stm32f4xx_wwdg.c 0x00000000   Number         0  stm32f4xx_wwdg.o ABSOLUTE
    cdrcmple.s                               0x00000000   Number         0  cdrcmple.o ABSOLUTE
    dc.s                                     0x00000000   Number         0  dc.o ABSOLUTE
    handlers.s                               0x00000000   Number         0  handlers.o ABSOLUTE
    init.s                                   0x00000000   Number         0  init.o ABSOLUTE
    RESET                                    0x08000000   Section      392  startup_stm32f40_41xxx.o(RESET)
    .ARM.Collect$$$$00000000                 0x08000188   Section        0  entry.o(.ARM.Collect$$$$00000000)
    .ARM.Collect$$$$00000001                 0x08000188   Section        4  entry2.o(.ARM.Collect$$$$00000001)
    .ARM.Collect$$$$00000004                 0x0800018c   Section        4  entry5.o(.ARM.Collect$$$$00000004)
    .ARM.Collect$$$$00000008                 0x08000190   Section        0  entry7b.o(.ARM.Collect$$$$00000008)
    .ARM.Collect$$$$0000000A                 0x08000190   Section        0  entry8b.o(.ARM.Collect$$$$0000000A)
    .ARM.Collect$$$$0000000B                 0x08000190   Section        8  entry9a.o(.ARM.Collect$$$$0000000B)
    .ARM.Collect$$$$0000000D                 0x08000198   Section        0  entry10a.o(.ARM.Collect$$$$0000000D)
    .ARM.Collect$$$$0000000F                 0x08000198   Section        0  entry11a.o(.ARM.Collect$$$$0000000F)
    .ARM.Collect$$$$00002712                 0x08000198   Section        4  entry2.o(.ARM.Collect$$$$00002712)
    __lit__00000000                          0x08000198   Data           4  entry2.o(.ARM.Collect$$$$00002712)
    .text                                    0x0800019c   Section       36  startup_stm32f40_41xxx.o(.text)
    $v0                                      0x0800019c   Number         0  startup_stm32f40_41xxx.o(.text)
    .text                                    0x080001c0   Section        0  memcpya.o(.text)
    .text                                    0x080001e4   Section        0  memseta.o(.text)
    .text                                    0x08000208   Section        0  strlen.o(.text)
    .text                                    0x08000218   Section       36  init.o(.text)
    i.BusFault_Handler                       0x0800023c   Section        0  stm32f4xx_it.o(i.BusFault_Handler)
    i.Deal_IR_Usart                          0x08000240   Section        0  traker.o(i.Deal_IR_Usart)
    i.Deal_Usart_Data                        0x080002d4   Section        0  traker.o(i.Deal_Usart_Data)
    i.DebugMon_Handler                       0x08000310   Section        0  stm32f4xx_it.o(i.DebugMon_Handler)
    i.Delay_Init                             0x08000314   Section        0  delay.o(i.Delay_Init)
    i.Delay_ms                               0x08000374   Section        0  delay.o(i.Delay_ms)
    i.Delay_us                               0x08000390   Section        0  delay.o(i.Delay_us)
    i.ENCODER_PID                            0x080003a4   Section        0  main.o(i.ENCODER_PID)
    i.EXTI2_IRQHandler                       0x080003f4   Section        0  encoder.o(i.EXTI2_IRQHandler)
    i.EXTI3_IRQHandler                       0x08000430   Section        0  encoder.o(i.EXTI3_IRQHandler)
    i.EXTI4_IRQHandler                       0x0800046c   Section        0  encoder.o(i.EXTI4_IRQHandler)
    i.EXTI9_5_IRQHandler                     0x080004a8   Section        0  encoder.o(i.EXTI9_5_IRQHandler)
    i.EXTI_ClearITPendingBit                 0x080004e4   Section        0  stm32f4xx_exti.o(i.EXTI_ClearITPendingBit)
    i.EXTI_GetITStatus                       0x080004f0   Section        0  stm32f4xx_exti.o(i.EXTI_GetITStatus)
    i.EXTI_Init                              0x08000508   Section        0  stm32f4xx_exti.o(i.EXTI_Init)
    i.Encoder_Get_Left                       0x0800059c   Section        0  encoder.o(i.Encoder_Get_Left)
    i.Encoder_Get_Right                      0x080005b0   Section        0  encoder.o(i.Encoder_Get_Right)
    i.Encoder_Init                           0x080005c4   Section        0  encoder.o(i.Encoder_Init)
    i.GPIO_Init                              0x080006b0   Section        0  stm32f4xx_gpio.o(i.GPIO_Init)
    i.GPIO_PinAFConfig                       0x08000740   Section        0  stm32f4xx_gpio.o(i.GPIO_PinAFConfig)
    i.GPIO_ReadInputDataBit                  0x08000786   Section        0  stm32f4xx_gpio.o(i.GPIO_ReadInputDataBit)
    i.GPIO_ResetBits                         0x08000798   Section        0  stm32f4xx_gpio.o(i.GPIO_ResetBits)
    i.GPIO_SetBits                           0x0800079c   Section        0  stm32f4xx_gpio.o(i.GPIO_SetBits)
    i.Get_Sr04_Value                         0x080007a0   Section        0  sr04.o(i.Get_Sr04_Value)
    i.HardFault_Handler                      0x0800083c   Section        0  stm32f4xx_it.o(i.HardFault_Handler)
    i.Key_Scan                               0x08000840   Section        0  red_control.o(i.Key_Scan)
    i.LCD_Clear                              0x08000864   Section        0  lcd_spi_169.o(i.LCD_Clear)
    i.LCD_Delay                              0x08000924   Section        0  lcd_spi_169.o(i.LCD_Delay)
    i.LCD_DisplayChar                        0x08000950   Section        0  lcd_spi_169.o(i.LCD_DisplayChar)
    i.LCD_DisplayChinese                     0x08000a34   Section        0  lcd_spi_169.o(i.LCD_DisplayChinese)
    i.LCD_DisplayText                        0x08000b54   Section        0  lcd_spi_169.o(i.LCD_DisplayText)
    i.LCD_GPIO_Config                        0x08000ba4   Section        0  lcd_spi_169.o(i.LCD_GPIO_Config)
    i.LCD_SPI_Config                         0x08000c54   Section        0  lcd_spi_169.o(i.LCD_SPI_Config)
    i.LCD_SetAddress                         0x08000cb0   Section        0  lcd_spi_169.o(i.LCD_SetAddress)
    i.LCD_SetAsciiFont                       0x08000d30   Section        0  lcd_spi_169.o(i.LCD_SetAsciiFont)
    i.LCD_SetBackColor                       0x08000d3c   Section        0  lcd_spi_169.o(i.LCD_SetBackColor)
    i.LCD_SetColor                           0x08000d64   Section        0  lcd_spi_169.o(i.LCD_SetColor)
    i.LCD_SetDirection                       0x08000d8c   Section        0  lcd_spi_169.o(i.LCD_SetDirection)
    i.LCD_SetTextFont                        0x08000e58   Section        0  lcd_spi_169.o(i.LCD_SetTextFont)
    i.LCD_ShowNumMode                        0x08000ec4   Section        0  lcd_spi_169.o(i.LCD_ShowNumMode)
    i.LCD_WriteBuff                          0x08000ed0   Section        0  lcd_spi_169.o(i.LCD_WriteBuff)
    i.LCD_WriteCommand                       0x08000f6c   Section        0  lcd_spi_169.o(i.LCD_WriteCommand)
    i.LCD_WriteData_16bit                    0x08000fc0   Section        0  lcd_spi_169.o(i.LCD_WriteData_16bit)
    i.LCD_WriteData_8bit                     0x08000ff0   Section        0  lcd_spi_169.o(i.LCD_WriteData_8bit)
    i.LED_Init                               0x0800100c   Section        0  led.o(i.LED_Init)
    i.MOTOR_Init                             0x08001048   Section        0  gpio.o(i.MOTOR_Init)
    i.MemManage_Handler                      0x080010a4   Section        0  stm32f4xx_it.o(i.MemManage_Handler)
    i.Motor_L_F_SPEED                        0x080010a8   Section        0  pwm.o(i.Motor_L_F_SPEED)
    i.Motor_R_F_SPEED                        0x080010c8   Section        0  pwm.o(i.Motor_R_F_SPEED)
    i.Motor_Stop                             0x080010e8   Section        0  pwm.o(i.Motor_Stop)
    i.NMI_Handler                            0x080010fc   Section        0  stm32f4xx_it.o(i.NMI_Handler)
    i.NVIC_Init                              0x08001100   Section        0  misc.o(i.NVIC_Init)
    i.PS2_Cmd                                0x08001178   Section        0  pstwo.o(i.PS2_Cmd)
    i.PS2_EnterConfing                       0x08001208   Section        0  pstwo.o(i.PS2_EnterConfing)
    i.PS2_ExitConfing                        0x08001264   Section        0  pstwo.o(i.PS2_ExitConfing)
    i.PS2_Init                               0x080012c0   Section        0  pstwo.o(i.PS2_Init)
    i.PS2_SetInit                            0x0800131c   Section        0  pstwo.o(i.PS2_SetInit)
    i.PS2_ShortPoll                          0x0800133c   Section        0  pstwo.o(i.PS2_ShortPoll)
    i.PS2_TurnOnAnalogMode                   0x08001380   Section        0  pstwo.o(i.PS2_TurnOnAnalogMode)
    i.PS2_VibrationMode                      0x080013d8   Section        0  pstwo.o(i.PS2_VibrationMode)
    i.PendSV_Handler                         0x0800141c   Section        0  stm32f4xx_it.o(i.PendSV_Handler)
    i.RCC_AHB1PeriphClockCmd                 0x08001420   Section        0  stm32f4xx_rcc.o(i.RCC_AHB1PeriphClockCmd)
    i.RCC_APB1PeriphClockCmd                 0x08001440   Section        0  stm32f4xx_rcc.o(i.RCC_APB1PeriphClockCmd)
    i.RCC_APB2PeriphClockCmd                 0x08001460   Section        0  stm32f4xx_rcc.o(i.RCC_APB2PeriphClockCmd)
    i.RCC_GetClocksFreq                      0x08001480   Section        0  stm32f4xx_rcc.o(i.RCC_GetClocksFreq)
    i.Remote_Init                            0x08001568   Section        0  red_control.o(i.Remote_Init)
    i.Remote_Scan                            0x0800164c   Section        0  red_control.o(i.Remote_Scan)
    i.SPI_Cmd                                0x080016c0   Section        0  stm32f4xx_spi.o(i.SPI_Cmd)
    i.SPI_Init                               0x080016d8   Section        0  stm32f4xx_spi.o(i.SPI_Init)
    i.SPI_LCD_Init                           0x08001714   Section        0  lcd_spi_169.o(i.SPI_LCD_Init)
    i.SVC_Handler                            0x080018f0   Section        0  stm32f4xx_it.o(i.SVC_Handler)
    i.SYSCFG_EXTILineConfig                  0x080018f4   Section        0  stm32f4xx_syscfg.o(i.SYSCFG_EXTILineConfig)
    i.Serial_SendByte                        0x08001934   Section        0  serial.o(i.Serial_SendByte)
    i.SetSysClock                            0x08001954   Section        0  system_stm32f4xx.o(i.SetSysClock)
    SetSysClock                              0x08001955   Thumb Code   220  system_stm32f4xx.o(i.SetSysClock)
    i.Set_Dir_L                              0x08001a40   Section        0  gpio.o(i.Set_Dir_L)
    i.Set_Dir_R                              0x08001a98   Section        0  gpio.o(i.Set_Dir_R)
    i.Sr04_Init                              0x08001af0   Section        0  sr04.o(i.Sr04_Init)
    i.SysTick_Handler                        0x08001b70   Section        0  stm32f4xx_it.o(i.SysTick_Handler)
    i.SystemInit                             0x08001b78   Section        0  system_stm32f4xx.o(i.SystemInit)
    i.TI1_Config                             0x08001be0   Section        0  stm32f4xx_tim.o(i.TI1_Config)
    TI1_Config                               0x08001be1   Thumb Code    58  stm32f4xx_tim.o(i.TI1_Config)
    i.TI2_Config                             0x08001c1a   Section        0  stm32f4xx_tim.o(i.TI2_Config)
    TI2_Config                               0x08001c1b   Thumb Code    80  stm32f4xx_tim.o(i.TI2_Config)
    i.TI3_Config                             0x08001c6a   Section        0  stm32f4xx_tim.o(i.TI3_Config)
    TI3_Config                               0x08001c6b   Thumb Code    72  stm32f4xx_tim.o(i.TI3_Config)
    i.TI4_Config                             0x08001cb2   Section        0  stm32f4xx_tim.o(i.TI4_Config)
    TI4_Config                               0x08001cb3   Thumb Code    80  stm32f4xx_tim.o(i.TI4_Config)
    i.TIM134_PWM_Init                        0x08001d04   Section        0  pwm.o(i.TIM134_PWM_Init)
    i.TIM1_BRK_TIM9_IRQHandler               0x08001df8   Section        0  red_control.o(i.TIM1_BRK_TIM9_IRQHandler)
    i.TIM5_IRQHandler                        0x08001f90   Section        0  main.o(i.TIM5_IRQHandler)
    i.TIM5_Init                              0x08001fc4   Section        0  timer.o(i.TIM5_Init)
    i.TIM_ARRPreloadConfig                   0x08002028   Section        0  stm32f4xx_tim.o(i.TIM_ARRPreloadConfig)
    i.TIM_ClearITPendingBit                  0x08002040   Section        0  stm32f4xx_tim.o(i.TIM_ClearITPendingBit)
    i.TIM_Cmd                                0x08002046   Section        0  stm32f4xx_tim.o(i.TIM_Cmd)
    i.TIM_GetCapture2                        0x0800205e   Section        0  stm32f4xx_tim.o(i.TIM_GetCapture2)
    i.TIM_GetITStatus                        0x08002064   Section        0  stm32f4xx_tim.o(i.TIM_GetITStatus)
    i.TIM_ICInit                             0x08002086   Section        0  stm32f4xx_tim.o(i.TIM_ICInit)
    i.TIM_ITConfig                           0x080020f4   Section        0  stm32f4xx_tim.o(i.TIM_ITConfig)
    i.TIM_OC1Init                            0x08002108   Section        0  stm32f4xx_tim.o(i.TIM_OC1Init)
    i.TIM_OC1PreloadConfig                   0x08002184   Section        0  stm32f4xx_tim.o(i.TIM_OC1PreloadConfig)
    i.TIM_OC2PolarityConfig                  0x08002196   Section        0  stm32f4xx_tim.o(i.TIM_OC2PolarityConfig)
    i.TIM_SetCompare1                        0x080021b0   Section        0  stm32f4xx_tim.o(i.TIM_SetCompare1)
    i.TIM_SetCounter                         0x080021b4   Section        0  stm32f4xx_tim.o(i.TIM_SetCounter)
    i.TIM_SetIC1Prescaler                    0x080021b8   Section        0  stm32f4xx_tim.o(i.TIM_SetIC1Prescaler)
    i.TIM_SetIC2Prescaler                    0x080021ca   Section        0  stm32f4xx_tim.o(i.TIM_SetIC2Prescaler)
    i.TIM_SetIC3Prescaler                    0x080021e4   Section        0  stm32f4xx_tim.o(i.TIM_SetIC3Prescaler)
    i.TIM_SetIC4Prescaler                    0x080021f6   Section        0  stm32f4xx_tim.o(i.TIM_SetIC4Prescaler)
    i.TIM_TimeBaseInit                       0x08002210   Section        0  stm32f4xx_tim.o(i.TIM_TimeBaseInit)
    i.TRAKER_GOING                           0x08002294   Section        0  main.o(i.TRAKER_GOING)
    i.TRAKER_Init                            0x080023bc   Section        0  traker.o(i.TRAKER_Init)
    i.TRAKER_SERVICE                         0x080023d0   Section        0  traker.o(i.TRAKER_SERVICE)
    i.TimingDelay_Decrement                  0x08002400   Section        0  delay.o(i.TimingDelay_Decrement)
    i.UART4_IRQHandler                       0x08002418   Section        0  traker.o(i.UART4_IRQHandler)
    i.UART4_Send_ArrayU8                     0x08002444   Section        0  traker.o(i.UART4_Send_ArrayU8)
    i.UART4_Send_U8                          0x08002460   Section        0  traker.o(i.UART4_Send_U8)
    i.UART4_init                             0x08002480   Section        0  traker.o(i.UART4_init)
    i.USART3_IRQHandler                      0x08002540   Section        0  serial.o(i.USART3_IRQHandler)
    i.USART3_Init                            0x080025ac   Section        0  serial.o(i.USART3_Init)
    i.USART_ClearITPendingBit                0x08002658   Section        0  stm32f4xx_usart.o(i.USART_ClearITPendingBit)
    i.USART_Cmd                              0x08002676   Section        0  stm32f4xx_usart.o(i.USART_Cmd)
    i.USART_GPIO_Config                      0x08002690   Section        0  usart.o(i.USART_GPIO_Config)
    i.USART_GetFlagStatus                    0x080026e8   Section        0  stm32f4xx_usart.o(i.USART_GetFlagStatus)
    i.USART_GetITStatus                      0x08002702   Section        0  stm32f4xx_usart.o(i.USART_GetITStatus)
    i.USART_ITConfig                         0x08002756   Section        0  stm32f4xx_usart.o(i.USART_ITConfig)
    i.USART_Init                             0x080027a0   Section        0  stm32f4xx_usart.o(i.USART_Init)
    i.USART_ReceiveData                      0x08002874   Section        0  stm32f4xx_usart.o(i.USART_ReceiveData)
    i.USART_SendData                         0x0800287e   Section        0  stm32f4xx_usart.o(i.USART_SendData)
    i.UsageFault_Handler                     0x08002886   Section        0  stm32f4xx_it.o(i.UsageFault_Handler)
    i.Usart_Config                           0x0800288c   Section        0  usart.o(i.Usart_Config)
    i.__scatterload_copy                     0x080028d0   Section       14  handlers.o(i.__scatterload_copy)
    i.__scatterload_null                     0x080028de   Section        2  handlers.o(i.__scatterload_null)
    i.__scatterload_zeroinit                 0x080028e0   Section       14  handlers.o(i.__scatterload_zeroinit)
    i.control_if_move                        0x080028f0   Section        0  sr04.o(i.control_if_move)
    i.delay_us                               0x08002914   Section        0  delay.o(i.delay_us)
    i.main                                   0x08002928   Section        0  main.o(i.main)
    i.send_control_data                      0x08002a4c   Section        0  traker.o(i.send_control_data)
    .constdata                               0x08002ad0   Section    26660  lcd_fonts.o(.constdata)
    .data                                    0x20000000   Section       68  main.o(.data)
    last_bias_velocity                       0x20000040   Data           4  main.o(.data)
    .data                                    0x20000044   Section        4  delay.o(.data)
    TimingDelay                              0x20000044   Data           4  delay.o(.data)
    .data                                    0x20000048   Section        4  encoder.o(.data)
    .data                                    0x2000004c   Section      120  lcd_fonts.o(.data)
    .data                                    0x200000c4   Section        8  lcd_spi_169.o(.data)
    LCD_AsciiFonts                           0x200000c4   Data           4  lcd_spi_169.o(.data)
    LCD_CHFonts                              0x200000c8   Data           4  lcd_spi_169.o(.data)
    .data                                    0x200000cc   Section        3  serial.o(.data)
    .data                                    0x200000cf   Section       13  traker.o(.data)
    g_start                                  0x200000da   Data           1  traker.o(.data)
    step                                     0x200000db   Data           1  traker.o(.data)
    .data                                    0x200000dc   Section       10  red_control.o(.data)
    .data                                    0x200000e8   Section       20  system_stm32f4xx.o(.data)
    .data                                    0x200000fc   Section       16  stm32f4xx_rcc.o(.data)
    APBAHBPrescTable                         0x200000fc   Data          16  stm32f4xx_rcc.o(.data)
    .bss                                     0x2000010c   Section     2064  lcd_spi_169.o(.bss)
    .bss                                     0x2000091c   Section        9  pstwo.o(.bss)
    .bss                                     0x20000926   Section      216  traker.o(.bss)
    STACK                                    0x20000a00   Section     1024  startup_stm32f40_41xxx.o(STACK)

    Global Symbols

    Symbol Name                              Value     Ov Type        Size  Object(Section)

    BuildAttributes$$THM_ISAv4$E$P$D$K$B$S$7EM$VFPi3$EXTD16$VFPS$VFMA$PE$A:L22UL41UL21$X:L11$S22US41US21$IEEE1$IW$USESV6$~STKCKD$USESV7$~SHL$OSPACE$ROPI$EBA8$MICROLIB$REQ8$PRES8$EABIv2 0x00000000   Number         0  anon$$obj.o ABSOLUTE
    __ARM_use_no_argv                        0x00000000   Number         0  main.o ABSOLUTE
    _printf_a                                0x00000000   Number         0  stubs.o ABSOLUTE
    _printf_c                                0x00000000   Number         0  stubs.o ABSOLUTE
    _printf_charcount                        0x00000000   Number         0  stubs.o ABSOLUTE
    _printf_d                                0x00000000   Number         0  stubs.o ABSOLUTE
    _printf_e                                0x00000000   Number         0  stubs.o ABSOLUTE
    _printf_f                                0x00000000   Number         0  stubs.o ABSOLUTE
    _printf_flags                            0x00000000   Number         0  stubs.o ABSOLUTE
    _printf_fp_dec                           0x00000000   Number         0  stubs.o ABSOLUTE
    _printf_fp_hex                           0x00000000   Number         0  stubs.o ABSOLUTE
    _printf_g                                0x00000000   Number         0  stubs.o ABSOLUTE
    _printf_i                                0x00000000   Number         0  stubs.o ABSOLUTE
    _printf_int_dec                          0x00000000   Number         0  stubs.o ABSOLUTE
    _printf_l                                0x00000000   Number         0  stubs.o ABSOLUTE
    _printf_lc                               0x00000000   Number         0  stubs.o ABSOLUTE
    _printf_ll                               0x00000000   Number         0  stubs.o ABSOLUTE
    _printf_lld                              0x00000000   Number         0  stubs.o ABSOLUTE
    _printf_lli                              0x00000000   Number         0  stubs.o ABSOLUTE
    _printf_llo                              0x00000000   Number         0  stubs.o ABSOLUTE
    _printf_llu                              0x00000000   Number         0  stubs.o ABSOLUTE
    _printf_llx                              0x00000000   Number         0  stubs.o ABSOLUTE
    _printf_longlong_dec                     0x00000000   Number         0  stubs.o ABSOLUTE
    _printf_longlong_hex                     0x00000000   Number         0  stubs.o ABSOLUTE
    _printf_longlong_oct                     0x00000000   Number         0  stubs.o ABSOLUTE
    _printf_ls                               0x00000000   Number         0  stubs.o ABSOLUTE
    _printf_mbtowc                           0x00000000   Number         0  stubs.o ABSOLUTE
    _printf_n                                0x00000000   Number         0  stubs.o ABSOLUTE
    _printf_o                                0x00000000   Number         0  stubs.o ABSOLUTE
    _printf_p                                0x00000000   Number         0  stubs.o ABSOLUTE
    _printf_percent                          0x00000000   Number         0  stubs.o ABSOLUTE
    _printf_pre_padding                      0x00000000   Number         0  stubs.o ABSOLUTE
    _printf_return_value                     0x00000000   Number         0  stubs.o ABSOLUTE
    _printf_s                                0x00000000   Number         0  stubs.o ABSOLUTE
    _printf_sizespec                         0x00000000   Number         0  stubs.o ABSOLUTE
    _printf_str                              0x00000000   Number         0  stubs.o ABSOLUTE
    _printf_truncate_signed                  0x00000000   Number         0  stubs.o ABSOLUTE
    _printf_truncate_unsigned                0x00000000   Number         0  stubs.o ABSOLUTE
    _printf_u                                0x00000000   Number         0  stubs.o ABSOLUTE
    _printf_wc                               0x00000000   Number         0  stubs.o ABSOLUTE
    _printf_wctomb                           0x00000000   Number         0  stubs.o ABSOLUTE
    _printf_widthprec                        0x00000000   Number         0  stubs.o ABSOLUTE
    _printf_x                                0x00000000   Number         0  stubs.o ABSOLUTE
    __cpp_initialize__aeabi_                  - Undefined Weak Reference
    __cxa_finalize                            - Undefined Weak Reference
    __decompress                              - Undefined Weak Reference
    _clock_init                               - Undefined Weak Reference
    _microlib_exit                            - Undefined Weak Reference
    __Vectors_Size                           0x00000188   Number         0  startup_stm32f40_41xxx.o ABSOLUTE
    __Vectors                                0x08000000   Data           4  startup_stm32f40_41xxx.o(RESET)
    __Vectors_End                            0x08000188   Data           0  startup_stm32f40_41xxx.o(RESET)
    __main                                   0x08000189   Thumb Code     0  entry.o(.ARM.Collect$$$$00000000)
    _main_stk                                0x08000189   Thumb Code     0  entry2.o(.ARM.Collect$$$$00000001)
    _main_scatterload                        0x0800018d   Thumb Code     0  entry5.o(.ARM.Collect$$$$00000004)
    __main_after_scatterload                 0x08000191   Thumb Code     0  entry5.o(.ARM.Collect$$$$00000004)
    _main_clock                              0x08000191   Thumb Code     0  entry7b.o(.ARM.Collect$$$$00000008)
    _main_cpp_init                           0x08000191   Thumb Code     0  entry8b.o(.ARM.Collect$$$$0000000A)
    _main_init                               0x08000191   Thumb Code     0  entry9a.o(.ARM.Collect$$$$0000000B)
    __rt_final_cpp                           0x08000199   Thumb Code     0  entry10a.o(.ARM.Collect$$$$0000000D)
    __rt_final_exit                          0x08000199   Thumb Code     0  entry11a.o(.ARM.Collect$$$$0000000F)
    Reset_Handler                            0x0800019d   Thumb Code     8  startup_stm32f40_41xxx.o(.text)
    ADC_IRQHandler                           0x080001b7   Thumb Code     0  startup_stm32f40_41xxx.o(.text)
    CAN1_RX0_IRQHandler                      0x080001b7   Thumb Code     0  startup_stm32f40_41xxx.o(.text)
    CAN1_RX1_IRQHandler                      0x080001b7   Thumb Code     0  startup_stm32f40_41xxx.o(.text)
    CAN1_SCE_IRQHandler                      0x080001b7   Thumb Code     0  startup_stm32f40_41xxx.o(.text)
    CAN1_TX_IRQHandler                       0x080001b7   Thumb Code     0  startup_stm32f40_41xxx.o(.text)
    CAN2_RX0_IRQHandler                      0x080001b7   Thumb Code     0  startup_stm32f40_41xxx.o(.text)
    CAN2_RX1_IRQHandler                      0x080001b7   Thumb Code     0  startup_stm32f40_41xxx.o(.text)
    CAN2_SCE_IRQHandler                      0x080001b7   Thumb Code     0  startup_stm32f40_41xxx.o(.text)
    CAN2_TX_IRQHandler                       0x080001b7   Thumb Code     0  startup_stm32f40_41xxx.o(.text)
    CRYP_IRQHandler                          0x080001b7   Thumb Code     0  startup_stm32f40_41xxx.o(.text)
    DCMI_IRQHandler                          0x080001b7   Thumb Code     0  startup_stm32f40_41xxx.o(.text)
    DMA1_Stream0_IRQHandler                  0x080001b7   Thumb Code     0  startup_stm32f40_41xxx.o(.text)
    DMA1_Stream1_IRQHandler                  0x080001b7   Thumb Code     0  startup_stm32f40_41xxx.o(.text)
    DMA1_Stream2_IRQHandler                  0x080001b7   Thumb Code     0  startup_stm32f40_41xxx.o(.text)
    DMA1_Stream3_IRQHandler                  0x080001b7   Thumb Code     0  startup_stm32f40_41xxx.o(.text)
    DMA1_Stream4_IRQHandler                  0x080001b7   Thumb Code     0  startup_stm32f40_41xxx.o(.text)
    DMA1_Stream5_IRQHandler                  0x080001b7   Thumb Code     0  startup_stm32f40_41xxx.o(.text)
    DMA1_Stream6_IRQHandler                  0x080001b7   Thumb Code     0  startup_stm32f40_41xxx.o(.text)
    DMA1_Stream7_IRQHandler                  0x080001b7   Thumb Code     0  startup_stm32f40_41xxx.o(.text)
    DMA2_Stream0_IRQHandler                  0x080001b7   Thumb Code     0  startup_stm32f40_41xxx.o(.text)
    DMA2_Stream1_IRQHandler                  0x080001b7   Thumb Code     0  startup_stm32f40_41xxx.o(.text)
    DMA2_Stream2_IRQHandler                  0x080001b7   Thumb Code     0  startup_stm32f40_41xxx.o(.text)
    DMA2_Stream3_IRQHandler                  0x080001b7   Thumb Code     0  startup_stm32f40_41xxx.o(.text)
    DMA2_Stream4_IRQHandler                  0x080001b7   Thumb Code     0  startup_stm32f40_41xxx.o(.text)
    DMA2_Stream5_IRQHandler                  0x080001b7   Thumb Code     0  startup_stm32f40_41xxx.o(.text)
    DMA2_Stream6_IRQHandler                  0x080001b7   Thumb Code     0  startup_stm32f40_41xxx.o(.text)
    DMA2_Stream7_IRQHandler                  0x080001b7   Thumb Code     0  startup_stm32f40_41xxx.o(.text)
    ETH_IRQHandler                           0x080001b7   Thumb Code     0  startup_stm32f40_41xxx.o(.text)
    ETH_WKUP_IRQHandler                      0x080001b7   Thumb Code     0  startup_stm32f40_41xxx.o(.text)
    EXTI0_IRQHandler                         0x080001b7   Thumb Code     0  startup_stm32f40_41xxx.o(.text)
    EXTI15_10_IRQHandler                     0x080001b7   Thumb Code     0  startup_stm32f40_41xxx.o(.text)
    EXTI1_IRQHandler                         0x080001b7   Thumb Code     0  startup_stm32f40_41xxx.o(.text)
    FLASH_IRQHandler                         0x080001b7   Thumb Code     0  startup_stm32f40_41xxx.o(.text)
    FPU_IRQHandler                           0x080001b7   Thumb Code     0  startup_stm32f40_41xxx.o(.text)
    FSMC_IRQHandler                          0x080001b7   Thumb Code     0  startup_stm32f40_41xxx.o(.text)
    HASH_RNG_IRQHandler                      0x080001b7   Thumb Code     0  startup_stm32f40_41xxx.o(.text)
    I2C1_ER_IRQHandler                       0x080001b7   Thumb Code     0  startup_stm32f40_41xxx.o(.text)
    I2C1_EV_IRQHandler                       0x080001b7   Thumb Code     0  startup_stm32f40_41xxx.o(.text)
    I2C2_ER_IRQHandler                       0x080001b7   Thumb Code     0  startup_stm32f40_41xxx.o(.text)
    I2C2_EV_IRQHandler                       0x080001b7   Thumb Code     0  startup_stm32f40_41xxx.o(.text)
    I2C3_ER_IRQHandler                       0x080001b7   Thumb Code     0  startup_stm32f40_41xxx.o(.text)
    I2C3_EV_IRQHandler                       0x080001b7   Thumb Code     0  startup_stm32f40_41xxx.o(.text)
    OTG_FS_IRQHandler                        0x080001b7   Thumb Code     0  startup_stm32f40_41xxx.o(.text)
    OTG_FS_WKUP_IRQHandler                   0x080001b7   Thumb Code     0  startup_stm32f40_41xxx.o(.text)
    OTG_HS_EP1_IN_IRQHandler                 0x080001b7   Thumb Code     0  startup_stm32f40_41xxx.o(.text)
    OTG_HS_EP1_OUT_IRQHandler                0x080001b7   Thumb Code     0  startup_stm32f40_41xxx.o(.text)
    OTG_HS_IRQHandler                        0x080001b7   Thumb Code     0  startup_stm32f40_41xxx.o(.text)
    OTG_HS_WKUP_IRQHandler                   0x080001b7   Thumb Code     0  startup_stm32f40_41xxx.o(.text)
    PVD_IRQHandler                           0x080001b7   Thumb Code     0  startup_stm32f40_41xxx.o(.text)
    RCC_IRQHandler                           0x080001b7   Thumb Code     0  startup_stm32f40_41xxx.o(.text)
    RTC_Alarm_IRQHandler                     0x080001b7   Thumb Code     0  startup_stm32f40_41xxx.o(.text)
    RTC_WKUP_IRQHandler                      0x080001b7   Thumb Code     0  startup_stm32f40_41xxx.o(.text)
    SDIO_IRQHandler                          0x080001b7   Thumb Code     0  startup_stm32f40_41xxx.o(.text)
    SPI1_IRQHandler                          0x080001b7   Thumb Code     0  startup_stm32f40_41xxx.o(.text)
    SPI2_IRQHandler                          0x080001b7   Thumb Code     0  startup_stm32f40_41xxx.o(.text)
    SPI3_IRQHandler                          0x080001b7   Thumb Code     0  startup_stm32f40_41xxx.o(.text)
    TAMP_STAMP_IRQHandler                    0x080001b7   Thumb Code     0  startup_stm32f40_41xxx.o(.text)
    TIM1_CC_IRQHandler                       0x080001b7   Thumb Code     0  startup_stm32f40_41xxx.o(.text)
    TIM1_TRG_COM_TIM11_IRQHandler            0x080001b7   Thumb Code     0  startup_stm32f40_41xxx.o(.text)
    TIM1_UP_TIM10_IRQHandler                 0x080001b7   Thumb Code     0  startup_stm32f40_41xxx.o(.text)
    TIM2_IRQHandler                          0x080001b7   Thumb Code     0  startup_stm32f40_41xxx.o(.text)
    TIM3_IRQHandler                          0x080001b7   Thumb Code     0  startup_stm32f40_41xxx.o(.text)
    TIM4_IRQHandler                          0x080001b7   Thumb Code     0  startup_stm32f40_41xxx.o(.text)
    TIM6_DAC_IRQHandler                      0x080001b7   Thumb Code     0  startup_stm32f40_41xxx.o(.text)
    TIM7_IRQHandler                          0x080001b7   Thumb Code     0  startup_stm32f40_41xxx.o(.text)
    TIM8_BRK_TIM12_IRQHandler                0x080001b7   Thumb Code     0  startup_stm32f40_41xxx.o(.text)
    TIM8_CC_IRQHandler                       0x080001b7   Thumb Code     0  startup_stm32f40_41xxx.o(.text)
    TIM8_TRG_COM_TIM14_IRQHandler            0x080001b7   Thumb Code     0  startup_stm32f40_41xxx.o(.text)
    TIM8_UP_TIM13_IRQHandler                 0x080001b7   Thumb Code     0  startup_stm32f40_41xxx.o(.text)
    UART5_IRQHandler                         0x080001b7   Thumb Code     0  startup_stm32f40_41xxx.o(.text)
    USART1_IRQHandler                        0x080001b7   Thumb Code     0  startup_stm32f40_41xxx.o(.text)
    USART2_IRQHandler                        0x080001b7   Thumb Code     0  startup_stm32f40_41xxx.o(.text)
    USART6_IRQHandler                        0x080001b7   Thumb Code     0  startup_stm32f40_41xxx.o(.text)
    WWDG_IRQHandler                          0x080001b7   Thumb Code     0  startup_stm32f40_41xxx.o(.text)
    __aeabi_memcpy                           0x080001c1   Thumb Code    36  memcpya.o(.text)
    __aeabi_memcpy4                          0x080001c1   Thumb Code     0  memcpya.o(.text)
    __aeabi_memcpy8                          0x080001c1   Thumb Code     0  memcpya.o(.text)
    __aeabi_memset                           0x080001e5   Thumb Code    14  memseta.o(.text)
    __aeabi_memset4                          0x080001e5   Thumb Code     0  memseta.o(.text)
    __aeabi_memset8                          0x080001e5   Thumb Code     0  memseta.o(.text)
    __aeabi_memclr                           0x080001f3   Thumb Code     4  memseta.o(.text)
    __aeabi_memclr4                          0x080001f3   Thumb Code     0  memseta.o(.text)
    __aeabi_memclr8                          0x080001f3   Thumb Code     0  memseta.o(.text)
    _memset$wrapper                          0x080001f7   Thumb Code    18  memseta.o(.text)
    strlen                                   0x08000209   Thumb Code    14  strlen.o(.text)
    __scatterload                            0x08000219   Thumb Code    28  init.o(.text)
    __scatterload_rt2                        0x08000219   Thumb Code     0  init.o(.text)
    BusFault_Handler                         0x0800023d   Thumb Code     4  stm32f4xx_it.o(i.BusFault_Handler)
    Deal_IR_Usart                            0x08000241   Thumb Code   128  traker.o(i.Deal_IR_Usart)
    Deal_Usart_Data                          0x080002d5   Thumb Code    52  traker.o(i.Deal_Usart_Data)
    DebugMon_Handler                         0x08000311   Thumb Code     2  stm32f4xx_it.o(i.DebugMon_Handler)
    Delay_Init                               0x08000315   Thumb Code    80  delay.o(i.Delay_Init)
    Delay_ms                                 0x08000375   Thumb Code    22  delay.o(i.Delay_ms)
    Delay_us                                 0x08000391   Thumb Code    16  delay.o(i.Delay_us)
    ENCODER_PID                              0x080003a5   Thumb Code    66  main.o(i.ENCODER_PID)
    EXTI2_IRQHandler                         0x080003f5   Thumb Code    52  encoder.o(i.EXTI2_IRQHandler)
    EXTI3_IRQHandler                         0x08000431   Thumb Code    52  encoder.o(i.EXTI3_IRQHandler)
    EXTI4_IRQHandler                         0x0800046d   Thumb Code    52  encoder.o(i.EXTI4_IRQHandler)
    EXTI9_5_IRQHandler                       0x080004a9   Thumb Code    52  encoder.o(i.EXTI9_5_IRQHandler)
    EXTI_ClearITPendingBit                   0x080004e5   Thumb Code     6  stm32f4xx_exti.o(i.EXTI_ClearITPendingBit)
    EXTI_GetITStatus                         0x080004f1   Thumb Code    20  stm32f4xx_exti.o(i.EXTI_GetITStatus)
    EXTI_Init                                0x08000509   Thumb Code   142  stm32f4xx_exti.o(i.EXTI_Init)
    Encoder_Get_Left                         0x0800059d   Thumb Code    14  encoder.o(i.Encoder_Get_Left)
    Encoder_Get_Right                        0x080005b1   Thumb Code    14  encoder.o(i.Encoder_Get_Right)
    Encoder_Init                             0x080005c5   Thumb Code   230  encoder.o(i.Encoder_Init)
    GPIO_Init                                0x080006b1   Thumb Code   144  stm32f4xx_gpio.o(i.GPIO_Init)
    GPIO_PinAFConfig                         0x08000741   Thumb Code    70  stm32f4xx_gpio.o(i.GPIO_PinAFConfig)
    GPIO_ReadInputDataBit                    0x08000787   Thumb Code    18  stm32f4xx_gpio.o(i.GPIO_ReadInputDataBit)
    GPIO_ResetBits                           0x08000799   Thumb Code     4  stm32f4xx_gpio.o(i.GPIO_ResetBits)
    GPIO_SetBits                             0x0800079d   Thumb Code     4  stm32f4xx_gpio.o(i.GPIO_SetBits)
    Get_Sr04_Value                           0x080007a1   Thumb Code   142  sr04.o(i.Get_Sr04_Value)
    HardFault_Handler                        0x0800083d   Thumb Code     4  stm32f4xx_it.o(i.HardFault_Handler)
    Key_Scan                                 0x08000841   Thumb Code    30  red_control.o(i.Key_Scan)
    LCD_Clear                                0x08000865   Thumb Code   178  lcd_spi_169.o(i.LCD_Clear)
    LCD_Delay                                0x08000925   Thumb Code    42  lcd_spi_169.o(i.LCD_Delay)
    LCD_DisplayChar                          0x08000951   Thumb Code   210  lcd_spi_169.o(i.LCD_DisplayChar)
    LCD_DisplayChinese                       0x08000a35   Thumb Code   274  lcd_spi_169.o(i.LCD_DisplayChinese)
    LCD_DisplayText                          0x08000b55   Thumb Code    70  lcd_spi_169.o(i.LCD_DisplayText)
    LCD_GPIO_Config                          0x08000ba5   Thumb Code   166  lcd_spi_169.o(i.LCD_GPIO_Config)
    LCD_SPI_Config                           0x08000c55   Thumb Code    86  lcd_spi_169.o(i.LCD_SPI_Config)
    LCD_SetAddress                           0x08000cb1   Thumb Code   114  lcd_spi_169.o(i.LCD_SetAddress)
    LCD_SetAsciiFont                         0x08000d31   Thumb Code     6  lcd_spi_169.o(i.LCD_SetAsciiFont)
    LCD_SetBackColor                         0x08000d3d   Thumb Code    36  lcd_spi_169.o(i.LCD_SetBackColor)
    LCD_SetColor                             0x08000d65   Thumb Code    36  lcd_spi_169.o(i.LCD_SetColor)
    LCD_SetDirection                         0x08000d8d   Thumb Code   190  lcd_spi_169.o(i.LCD_SetDirection)
    LCD_SetTextFont                          0x08000e59   Thumb Code    78  lcd_spi_169.o(i.LCD_SetTextFont)
    LCD_ShowNumMode                          0x08000ec5   Thumb Code     6  lcd_spi_169.o(i.LCD_ShowNumMode)
    LCD_WriteBuff                            0x08000ed1   Thumb Code   146  lcd_spi_169.o(i.LCD_WriteBuff)
    LCD_WriteCommand                         0x08000f6d   Thumb Code    74  lcd_spi_169.o(i.LCD_WriteCommand)
    LCD_WriteData_16bit                      0x08000fc1   Thumb Code    44  lcd_spi_169.o(i.LCD_WriteData_16bit)
    LCD_WriteData_8bit                       0x08000ff1   Thumb Code    22  lcd_spi_169.o(i.LCD_WriteData_8bit)
    LED_Init                                 0x0800100d   Thumb Code    56  led.o(i.LED_Init)
    MOTOR_Init                               0x08001049   Thumb Code    84  gpio.o(i.MOTOR_Init)
    MemManage_Handler                        0x080010a5   Thumb Code     4  stm32f4xx_it.o(i.MemManage_Handler)
    Motor_L_F_SPEED                          0x080010a9   Thumb Code    26  pwm.o(i.Motor_L_F_SPEED)
    Motor_R_F_SPEED                          0x080010c9   Thumb Code    26  pwm.o(i.Motor_R_F_SPEED)
    Motor_Stop                               0x080010e9   Thumb Code    20  pwm.o(i.Motor_Stop)
    NMI_Handler                              0x080010fd   Thumb Code     2  stm32f4xx_it.o(i.NMI_Handler)
    NVIC_Init                                0x08001101   Thumb Code   106  misc.o(i.NVIC_Init)
    PS2_Cmd                                  0x08001179   Thumb Code   130  pstwo.o(i.PS2_Cmd)
    PS2_EnterConfing                         0x08001209   Thumb Code    84  pstwo.o(i.PS2_EnterConfing)
    PS2_ExitConfing                          0x08001265   Thumb Code    84  pstwo.o(i.PS2_ExitConfing)
    PS2_Init                                 0x080012c1   Thumb Code    86  pstwo.o(i.PS2_Init)
    PS2_SetInit                              0x0800131d   Thumb Code    32  pstwo.o(i.PS2_SetInit)
    PS2_ShortPoll                            0x0800133d   Thumb Code    60  pstwo.o(i.PS2_ShortPoll)
    PS2_TurnOnAnalogMode                     0x08001381   Thumb Code    78  pstwo.o(i.PS2_TurnOnAnalogMode)
    PS2_VibrationMode                        0x080013d9   Thumb Code    60  pstwo.o(i.PS2_VibrationMode)
    PendSV_Handler                           0x0800141d   Thumb Code     2  stm32f4xx_it.o(i.PendSV_Handler)
    RCC_AHB1PeriphClockCmd                   0x08001421   Thumb Code    26  stm32f4xx_rcc.o(i.RCC_AHB1PeriphClockCmd)
    RCC_APB1PeriphClockCmd                   0x08001441   Thumb Code    26  stm32f4xx_rcc.o(i.RCC_APB1PeriphClockCmd)
    RCC_APB2PeriphClockCmd                   0x08001461   Thumb Code    26  stm32f4xx_rcc.o(i.RCC_APB2PeriphClockCmd)
    RCC_GetClocksFreq                        0x08001481   Thumb Code   214  stm32f4xx_rcc.o(i.RCC_GetClocksFreq)
    Remote_Init                              0x08001569   Thumb Code   220  red_control.o(i.Remote_Init)
    Remote_Scan                              0x0800164d   Thumb Code   102  red_control.o(i.Remote_Scan)
    SPI_Cmd                                  0x080016c1   Thumb Code    24  stm32f4xx_spi.o(i.SPI_Cmd)
    SPI_Init                                 0x080016d9   Thumb Code    60  stm32f4xx_spi.o(i.SPI_Init)
    SPI_LCD_Init                             0x08001715   Thumb Code   464  lcd_spi_169.o(i.SPI_LCD_Init)
    SVC_Handler                              0x080018f1   Thumb Code     2  stm32f4xx_it.o(i.SVC_Handler)
    SYSCFG_EXTILineConfig                    0x080018f5   Thumb Code    60  stm32f4xx_syscfg.o(i.SYSCFG_EXTILineConfig)
    Serial_SendByte                          0x08001935   Thumb Code    28  serial.o(i.Serial_SendByte)
    Set_Dir_L                                0x08001a41   Thumb Code    78  gpio.o(i.Set_Dir_L)
    Set_Dir_R                                0x08001a99   Thumb Code    78  gpio.o(i.Set_Dir_R)
    Sr04_Init                                0x08001af1   Thumb Code   120  sr04.o(i.Sr04_Init)
    SysTick_Handler                          0x08001b71   Thumb Code     8  stm32f4xx_it.o(i.SysTick_Handler)
    SystemInit                               0x08001b79   Thumb Code    88  system_stm32f4xx.o(i.SystemInit)
    TIM134_PWM_Init                          0x08001d05   Thumb Code   232  pwm.o(i.TIM134_PWM_Init)
    TIM1_BRK_TIM9_IRQHandler                 0x08001df9   Thumb Code   384  red_control.o(i.TIM1_BRK_TIM9_IRQHandler)
    TIM5_IRQHandler                          0x08001f91   Thumb Code    40  main.o(i.TIM5_IRQHandler)
    TIM5_Init                                0x08001fc5   Thumb Code    96  timer.o(i.TIM5_Init)
    TIM_ARRPreloadConfig                     0x08002029   Thumb Code    24  stm32f4xx_tim.o(i.TIM_ARRPreloadConfig)
    TIM_ClearITPendingBit                    0x08002041   Thumb Code     6  stm32f4xx_tim.o(i.TIM_ClearITPendingBit)
    TIM_Cmd                                  0x08002047   Thumb Code    24  stm32f4xx_tim.o(i.TIM_Cmd)
    TIM_GetCapture2                          0x0800205f   Thumb Code     6  stm32f4xx_tim.o(i.TIM_GetCapture2)
    TIM_GetITStatus                          0x08002065   Thumb Code    34  stm32f4xx_tim.o(i.TIM_GetITStatus)
    TIM_ICInit                               0x08002087   Thumb Code   110  stm32f4xx_tim.o(i.TIM_ICInit)
    TIM_ITConfig                             0x080020f5   Thumb Code    18  stm32f4xx_tim.o(i.TIM_ITConfig)
    TIM_OC1Init                              0x08002109   Thumb Code   114  stm32f4xx_tim.o(i.TIM_OC1Init)
    TIM_OC1PreloadConfig                     0x08002185   Thumb Code    18  stm32f4xx_tim.o(i.TIM_OC1PreloadConfig)
    TIM_OC2PolarityConfig                    0x08002197   Thumb Code    26  stm32f4xx_tim.o(i.TIM_OC2PolarityConfig)
    TIM_SetCompare1                          0x080021b1   Thumb Code     4  stm32f4xx_tim.o(i.TIM_SetCompare1)
    TIM_SetCounter                           0x080021b5   Thumb Code     4  stm32f4xx_tim.o(i.TIM_SetCounter)
    TIM_SetIC1Prescaler                      0x080021b9   Thumb Code    18  stm32f4xx_tim.o(i.TIM_SetIC1Prescaler)
    TIM_SetIC2Prescaler                      0x080021cb   Thumb Code    26  stm32f4xx_tim.o(i.TIM_SetIC2Prescaler)
    TIM_SetIC3Prescaler                      0x080021e5   Thumb Code    18  stm32f4xx_tim.o(i.TIM_SetIC3Prescaler)
    TIM_SetIC4Prescaler                      0x080021f7   Thumb Code    26  stm32f4xx_tim.o(i.TIM_SetIC4Prescaler)
    TIM_TimeBaseInit                         0x08002211   Thumb Code   104  stm32f4xx_tim.o(i.TIM_TimeBaseInit)
    TRAKER_GOING                             0x08002295   Thumb Code   278  main.o(i.TRAKER_GOING)
    TRAKER_Init                              0x080023bd   Thumb Code    20  traker.o(i.TRAKER_Init)
    TRAKER_SERVICE                           0x080023d1   Thumb Code    40  traker.o(i.TRAKER_SERVICE)
    TimingDelay_Decrement                    0x08002401   Thumb Code    18  delay.o(i.TimingDelay_Decrement)
    UART4_IRQHandler                         0x08002419   Thumb Code    40  traker.o(i.UART4_IRQHandler)
    UART4_Send_ArrayU8                       0x08002445   Thumb Code    28  traker.o(i.UART4_Send_ArrayU8)
    UART4_Send_U8                            0x08002461   Thumb Code    28  traker.o(i.UART4_Send_U8)
    UART4_init                               0x08002481   Thumb Code   182  traker.o(i.UART4_init)
    USART3_IRQHandler                        0x08002541   Thumb Code    92  serial.o(i.USART3_IRQHandler)
    USART3_Init                              0x080025ad   Thumb Code   162  serial.o(i.USART3_Init)
    USART_ClearITPendingBit                  0x08002659   Thumb Code    30  stm32f4xx_usart.o(i.USART_ClearITPendingBit)
    USART_Cmd                                0x08002677   Thumb Code    24  stm32f4xx_usart.o(i.USART_Cmd)
    USART_GPIO_Config                        0x08002691   Thumb Code    84  usart.o(i.USART_GPIO_Config)
    USART_GetFlagStatus                      0x080026e9   Thumb Code    26  stm32f4xx_usart.o(i.USART_GetFlagStatus)
    USART_GetITStatus                        0x08002703   Thumb Code    84  stm32f4xx_usart.o(i.USART_GetITStatus)
    USART_ITConfig                           0x08002757   Thumb Code    74  stm32f4xx_usart.o(i.USART_ITConfig)
    USART_Init                               0x080027a1   Thumb Code   204  stm32f4xx_usart.o(i.USART_Init)
    USART_ReceiveData                        0x08002875   Thumb Code    10  stm32f4xx_usart.o(i.USART_ReceiveData)
    USART_SendData                           0x0800287f   Thumb Code     8  stm32f4xx_usart.o(i.USART_SendData)
    UsageFault_Handler                       0x08002887   Thumb Code     4  stm32f4xx_it.o(i.UsageFault_Handler)
    Usart_Config                             0x0800288d   Thumb Code    64  usart.o(i.Usart_Config)
    __scatterload_copy                       0x080028d1   Thumb Code    14  handlers.o(i.__scatterload_copy)
    __scatterload_null                       0x080028df   Thumb Code     2  handlers.o(i.__scatterload_null)
    __scatterload_zeroinit                   0x080028e1   Thumb Code    14  handlers.o(i.__scatterload_zeroinit)
    control_if_move                          0x080028f1   Thumb Code    30  sr04.o(i.control_if_move)
    delay_us                                 0x08002915   Thumb Code    16  delay.o(i.delay_us)
    main                                     0x08002929   Thumb Code   224  main.o(i.main)
    send_control_data                        0x08002a4d   Thumb Code   116  traker.o(i.send_control_data)
    Chinese_1212                             0x08002ad0   Data         480  lcd_fonts.o(.constdata)
    Chinese_1616                             0x08002cb0   Data         640  lcd_fonts.o(.constdata)
    Chinese_2020                             0x08002f30   Data        1200  lcd_fonts.o(.constdata)
    Chinese_2424                             0x080033e0   Data        4680  lcd_fonts.o(.constdata)
    Chinese_3232                             0x08004628   Data        2560  lcd_fonts.o(.constdata)
    ASCII_3216_Table                         0x08005028   Data        6080  lcd_fonts.o(.constdata)
    ASCII_2412_Table                         0x080067e8   Data        4560  lcd_fonts.o(.constdata)
    ASCII_2010_Table                         0x080079b8   Data        3800  lcd_fonts.o(.constdata)
    ASCII_1608_Table                         0x08008890   Data        1520  lcd_fonts.o(.constdata)
    ASCII_1206_Table                         0x08008e80   Data        1140  lcd_fonts.o(.constdata)
    Region$$Table$$Base                      0x080092f4   Number         0  anon$$obj.o(Region$$Table)
    Region$$Table$$Limit                     0x08009314   Number         0  anon$$obj.o(Region$$Table)
    pwm_value                                0x20000000   Data           2  main.o(.data)
    Enocder_SpeedR                           0x20000002   Data           2  main.o(.data)
    Encoder_SpeedL                           0x20000004   Data           2  main.o(.data)
    Encoder_Left                             0x20000008   Data           4  main.o(.data)
    Encoder_Right                            0x2000000c   Data           4  main.o(.data)
    i                                        0x20000010   Data           4  main.o(.data)
    Speed_Set                                0x20000014   Data           4  main.o(.data)
    Position_Kp                              0x20000018   Data           4  main.o(.data)
    Position_Ki                              0x2000001c   Data           4  main.o(.data)
    Position_Kd                              0x20000020   Data           4  main.o(.data)
    RxData                                   0x20000024   Data           1  main.o(.data)
    point                                    0x20000025   Data           1  main.o(.data)
    PS2_LX                                   0x20000028   Data           4  main.o(.data)
    PS2_LY                                   0x2000002c   Data           4  main.o(.data)
    PS2_RX                                   0x20000030   Data           4  main.o(.data)
    PS2_RY                                   0x20000034   Data           4  main.o(.data)
    PS2_KEY                                  0x20000038   Data           4  main.o(.data)
    distance                                 0x2000003c   Data           4  main.o(.data)
    Encoder_Count_Right                      0x20000048   Data           2  encoder.o(.data)
    Encoder_Count_Left                       0x2000004a   Data           2  encoder.o(.data)
    CH_Font12                                0x2000004c   Data          12  lcd_fonts.o(.data)
    CH_Font16                                0x20000058   Data          12  lcd_fonts.o(.data)
    CH_Font20                                0x20000064   Data          12  lcd_fonts.o(.data)
    CH_Font24                                0x20000070   Data          12  lcd_fonts.o(.data)
    CH_Font32                                0x2000007c   Data          12  lcd_fonts.o(.data)
    ASCII_Font32                             0x20000088   Data          12  lcd_fonts.o(.data)
    ASCII_Font24                             0x20000094   Data          12  lcd_fonts.o(.data)
    ASCII_Font20                             0x200000a0   Data          12  lcd_fonts.o(.data)
    ASCII_Font16                             0x200000ac   Data          12  lcd_fonts.o(.data)
    ASCII_Font12                             0x200000b8   Data          12  lcd_fonts.o(.data)
    Serial_RxData                            0x200000cc   Data           1  serial.o(.data)
    Serial_RxFlag                            0x200000cd   Data           1  serial.o(.data)
    Serial_Stop                              0x200000ce   Data           1  serial.o(.data)
    g_new_package_flag                       0x200000cf   Data           1  traker.o(.data)
    IR_Data_number                           0x200000d0   Data           8  traker.o(.data)
    g_Amode_Data                             0x200000d8   Data           1  traker.o(.data)
    g_Dmode_Data                             0x200000d9   Data           1  traker.o(.data)
    Dval                                     0x200000dc   Data           2  red_control.o(.data)
    RmtSta                                   0x200000de   Data           1  red_control.o(.data)
    RmtRec                                   0x200000e0   Data           4  red_control.o(.data)
    RmtCnt                                   0x200000e4   Data           1  red_control.o(.data)
    a                                        0x200000e5   Data           1  red_control.o(.data)
    SystemCoreClock                          0x200000e8   Data           4  system_stm32f4xx.o(.data)
    AHBPrescTable                            0x200000ec   Data          16  system_stm32f4xx.o(.data)
    LCD_Buff                                 0x2000010c   Data        2048  lcd_spi_169.o(.bss)
    LCD                                      0x2000090c   Data          16  lcd_spi_169.o(.bss)
    Data                                     0x2000091c   Data           9  pstwo.o(.bss)
    rx_buff                                  0x20000926   Data         100  traker.o(.bss)
    new_package                              0x2000098a   Data         100  traker.o(.bss)
    IR_Data_Anglo                            0x200009ee   Data          16  traker.o(.bss)
    __initial_sp                             0x20000e00   Data           0  startup_stm32f40_41xxx.o(STACK)



==============================================================================

Memory Map of the image

  Image Entry point : 0x08000189

  Load Region LR_IROM1 (Base: 0x08000000, Size: 0x00009420, Max: 0x00100000, ABSOLUTE)

    Execution Region ER_IROM1 (Exec base: 0x08000000, Load base: 0x08000000, Size: 0x00009314, Max: 0x00100000, ABSOLUTE)

    Exec Addr    Load Addr    Size         Type   Attr      Idx    E Section Name        Object

    0x08000000   0x08000000   0x00000188   Data   RO         1373    RESET               startup_stm32f40_41xxx.o
    0x08000188   0x08000188   0x00000000   Code   RO         6424  * .ARM.Collect$$$$00000000  mc_w.l(entry.o)
    0x08000188   0x08000188   0x00000004   Code   RO         6702    .ARM.Collect$$$$00000001  mc_w.l(entry2.o)
    0x0800018c   0x0800018c   0x00000004   Code   RO         6705    .ARM.Collect$$$$00000004  mc_w.l(entry5.o)
    0x08000190   0x08000190   0x00000000   Code   RO         6707    .ARM.Collect$$$$00000008  mc_w.l(entry7b.o)
    0x08000190   0x08000190   0x00000000   Code   RO         6709    .ARM.Collect$$$$0000000A  mc_w.l(entry8b.o)
    0x08000190   0x08000190   0x00000008   Code   RO         6710    .ARM.Collect$$$$0000000B  mc_w.l(entry9a.o)
    0x08000198   0x08000198   0x00000000   Code   RO         6712    .ARM.Collect$$$$0000000D  mc_w.l(entry10a.o)
    0x08000198   0x08000198   0x00000000   Code   RO         6714    .ARM.Collect$$$$0000000F  mc_w.l(entry11a.o)
    0x08000198   0x08000198   0x00000004   Code   RO         6703    .ARM.Collect$$$$00002712  mc_w.l(entry2.o)
    0x0800019c   0x0800019c   0x00000024   Code   RO         1374    .text               startup_stm32f40_41xxx.o
    0x080001c0   0x080001c0   0x00000024   Code   RO         6427    .text               mc_w.l(memcpya.o)
    0x080001e4   0x080001e4   0x00000024   Code   RO         6429    .text               mc_w.l(memseta.o)
    0x08000208   0x08000208   0x0000000e   Code   RO         6431    .text               mc_w.l(strlen.o)
    0x08000216   0x08000216   0x00000002   PAD
    0x08000218   0x08000218   0x00000024   Code   RO         6734    .text               mc_w.l(init.o)
    0x0800023c   0x0800023c   0x00000004   Code   RO          230    i.BusFault_Handler  stm32f4xx_it.o
    0x08000240   0x08000240   0x00000094   Code   RO         1244    i.Deal_IR_Usart     traker.o
    0x080002d4   0x080002d4   0x0000003c   Code   RO         1245    i.Deal_Usart_Data   traker.o
    0x08000310   0x08000310   0x00000002   Code   RO          231    i.DebugMon_Handler  stm32f4xx_it.o
    0x08000312   0x08000312   0x00000002   PAD
    0x08000314   0x08000314   0x00000060   Code   RO          329    i.Delay_Init        delay.o
    0x08000374   0x08000374   0x0000001c   Code   RO          330    i.Delay_ms          delay.o
    0x08000390   0x08000390   0x00000014   Code   RO          331    i.Delay_us          delay.o
    0x080003a4   0x080003a4   0x00000050   Code   RO            4    i.ENCODER_PID       main.o
    0x080003f4   0x080003f4   0x0000003c   Code   RO          431    i.EXTI2_IRQHandler  encoder.o
    0x08000430   0x08000430   0x0000003c   Code   RO          432    i.EXTI3_IRQHandler  encoder.o
    0x0800046c   0x0800046c   0x0000003c   Code   RO          433    i.EXTI4_IRQHandler  encoder.o
    0x080004a8   0x080004a8   0x0000003c   Code   RO          434    i.EXTI9_5_IRQHandler  encoder.o
    0x080004e4   0x080004e4   0x0000000c   Code   RO         3416    i.EXTI_ClearITPendingBit  stm32f4xx_exti.o
    0x080004f0   0x080004f0   0x00000018   Code   RO         3420    i.EXTI_GetITStatus  stm32f4xx_exti.o
    0x08000508   0x08000508   0x00000094   Code   RO         3421    i.EXTI_Init         stm32f4xx_exti.o
    0x0800059c   0x0800059c   0x00000014   Code   RO          435    i.Encoder_Get_Left  encoder.o
    0x080005b0   0x080005b0   0x00000014   Code   RO          436    i.Encoder_Get_Right  encoder.o
    0x080005c4   0x080005c4   0x000000ec   Code   RO          437    i.Encoder_Init      encoder.o
    0x080006b0   0x080006b0   0x00000090   Code   RO         1809    i.GPIO_Init         stm32f4xx_gpio.o
    0x08000740   0x08000740   0x00000046   Code   RO         1810    i.GPIO_PinAFConfig  stm32f4xx_gpio.o
    0x08000786   0x08000786   0x00000012   Code   RO         1813    i.GPIO_ReadInputDataBit  stm32f4xx_gpio.o
    0x08000798   0x08000798   0x00000004   Code   RO         1816    i.GPIO_ResetBits    stm32f4xx_gpio.o
    0x0800079c   0x0800079c   0x00000004   Code   RO         1817    i.GPIO_SetBits      stm32f4xx_gpio.o
    0x080007a0   0x080007a0   0x0000009c   Code   RO          722    i.Get_Sr04_Value    sr04.o
    0x0800083c   0x0800083c   0x00000004   Code   RO          232    i.HardFault_Handler  stm32f4xx_it.o
    0x08000840   0x08000840   0x00000024   Code   RO         1326    i.Key_Scan          red_control.o
    0x08000864   0x08000864   0x000000c0   Code   RO          797    i.LCD_Clear         lcd_spi_169.o
    0x08000924   0x08000924   0x0000002a   Code   RO          799    i.LCD_Delay         lcd_spi_169.o
    0x0800094e   0x0800094e   0x00000002   PAD
    0x08000950   0x08000950   0x000000e4   Code   RO          800    i.LCD_DisplayChar   lcd_spi_169.o
    0x08000a34   0x08000a34   0x00000120   Code   RO          801    i.LCD_DisplayChinese  lcd_spi_169.o
    0x08000b54   0x08000b54   0x00000050   Code   RO          805    i.LCD_DisplayText   lcd_spi_169.o
    0x08000ba4   0x08000ba4   0x000000b0   Code   RO          816    i.LCD_GPIO_Config   lcd_spi_169.o
    0x08000c54   0x08000c54   0x0000005c   Code   RO          817    i.LCD_SPI_Config    lcd_spi_169.o
    0x08000cb0   0x08000cb0   0x00000080   Code   RO          818    i.LCD_SetAddress    lcd_spi_169.o
    0x08000d30   0x08000d30   0x0000000c   Code   RO          819    i.LCD_SetAsciiFont  lcd_spi_169.o
    0x08000d3c   0x08000d3c   0x00000028   Code   RO          820    i.LCD_SetBackColor  lcd_spi_169.o
    0x08000d64   0x08000d64   0x00000028   Code   RO          821    i.LCD_SetColor      lcd_spi_169.o
    0x08000d8c   0x08000d8c   0x000000cc   Code   RO          822    i.LCD_SetDirection  lcd_spi_169.o
    0x08000e58   0x08000e58   0x0000006c   Code   RO          823    i.LCD_SetTextFont   lcd_spi_169.o
    0x08000ec4   0x08000ec4   0x0000000c   Code   RO          824    i.LCD_ShowNumMode   lcd_spi_169.o
    0x08000ed0   0x08000ed0   0x0000009c   Code   RO          825    i.LCD_WriteBuff     lcd_spi_169.o
    0x08000f6c   0x08000f6c   0x00000054   Code   RO          826    i.LCD_WriteCommand  lcd_spi_169.o
    0x08000fc0   0x08000fc0   0x00000030   Code   RO          827    i.LCD_WriteData_16bit  lcd_spi_169.o
    0x08000ff0   0x08000ff0   0x0000001c   Code   RO          828    i.LCD_WriteData_8bit  lcd_spi_169.o
    0x0800100c   0x0800100c   0x0000003c   Code   RO          305    i.LED_Init          led.o
    0x08001048   0x08001048   0x0000005c   Code   RO          566    i.MOTOR_Init        gpio.o
    0x080010a4   0x080010a4   0x00000004   Code   RO          233    i.MemManage_Handler  stm32f4xx_it.o
    0x080010a8   0x080010a8   0x00000020   Code   RO          383    i.Motor_L_F_SPEED   pwm.o
    0x080010c8   0x080010c8   0x00000020   Code   RO          384    i.Motor_R_F_SPEED   pwm.o
    0x080010e8   0x080010e8   0x00000014   Code   RO          385    i.Motor_Stop        pwm.o
    0x080010fc   0x080010fc   0x00000002   Code   RO          234    i.NMI_Handler       stm32f4xx_it.o
    0x080010fe   0x080010fe   0x00000002   PAD
    0x08001100   0x08001100   0x00000078   Code   RO         1422    i.NVIC_Init         misc.o
    0x08001178   0x08001178   0x00000090   Code   RO         1055    i.PS2_Cmd           pstwo.o
    0x08001208   0x08001208   0x0000005c   Code   RO         1057    i.PS2_EnterConfing  pstwo.o
    0x08001264   0x08001264   0x0000005c   Code   RO         1058    i.PS2_ExitConfing   pstwo.o
    0x080012c0   0x080012c0   0x0000005c   Code   RO         1059    i.PS2_Init          pstwo.o
    0x0800131c   0x0800131c   0x00000020   Code   RO         1063    i.PS2_SetInit       pstwo.o
    0x0800133c   0x0800133c   0x00000044   Code   RO         1064    i.PS2_ShortPoll     pstwo.o
    0x08001380   0x08001380   0x00000058   Code   RO         1065    i.PS2_TurnOnAnalogMode  pstwo.o
    0x080013d8   0x080013d8   0x00000044   Code   RO         1067    i.PS2_VibrationMode  pstwo.o
    0x0800141c   0x0800141c   0x00000002   Code   RO          235    i.PendSV_Handler    stm32f4xx_it.o
    0x0800141e   0x0800141e   0x00000002   PAD
    0x08001420   0x08001420   0x00000020   Code   RO         1470    i.RCC_AHB1PeriphClockCmd  stm32f4xx_rcc.o
    0x08001440   0x08001440   0x00000020   Code   RO         1479    i.RCC_APB1PeriphClockCmd  stm32f4xx_rcc.o
    0x08001460   0x08001460   0x00000020   Code   RO         1482    i.RCC_APB2PeriphClockCmd  stm32f4xx_rcc.o
    0x08001480   0x08001480   0x000000e8   Code   RO         1491    i.RCC_GetClocksFreq  stm32f4xx_rcc.o
    0x08001568   0x08001568   0x000000e4   Code   RO         1327    i.Remote_Init       red_control.o
    0x0800164c   0x0800164c   0x00000074   Code   RO         1328    i.Remote_Scan       red_control.o
    0x080016c0   0x080016c0   0x00000018   Code   RO         5573    i.SPI_Cmd           stm32f4xx_spi.o
    0x080016d8   0x080016d8   0x0000003c   Code   RO         5586    i.SPI_Init          stm32f4xx_spi.o
    0x08001714   0x08001714   0x000001dc   Code   RO          829    i.SPI_LCD_Init      lcd_spi_169.o
    0x080018f0   0x080018f0   0x00000002   Code   RO          236    i.SVC_Handler       stm32f4xx_it.o
    0x080018f2   0x080018f2   0x00000002   PAD
    0x080018f4   0x080018f4   0x00000040   Code   RO         5738    i.SYSCFG_EXTILineConfig  stm32f4xx_syscfg.o
    0x08001934   0x08001934   0x00000020   Code   RO         1172    i.Serial_SendByte   serial.o
    0x08001954   0x08001954   0x000000ec   Code   RO         1381    i.SetSysClock       system_stm32f4xx.o
    0x08001a40   0x08001a40   0x00000058   Code   RO          567    i.Set_Dir_L         gpio.o
    0x08001a98   0x08001a98   0x00000058   Code   RO          568    i.Set_Dir_R         gpio.o
    0x08001af0   0x08001af0   0x00000080   Code   RO          723    i.Sr04_Init         sr04.o
    0x08001b70   0x08001b70   0x00000008   Code   RO          237    i.SysTick_Handler   stm32f4xx_it.o
    0x08001b78   0x08001b78   0x00000068   Code   RO         1383    i.SystemInit        system_stm32f4xx.o
    0x08001be0   0x08001be0   0x0000003a   Code   RO         5795    i.TI1_Config        stm32f4xx_tim.o
    0x08001c1a   0x08001c1a   0x00000050   Code   RO         5796    i.TI2_Config        stm32f4xx_tim.o
    0x08001c6a   0x08001c6a   0x00000048   Code   RO         5797    i.TI3_Config        stm32f4xx_tim.o
    0x08001cb2   0x08001cb2   0x00000050   Code   RO         5798    i.TI4_Config        stm32f4xx_tim.o
    0x08001d02   0x08001d02   0x00000002   PAD
    0x08001d04   0x08001d04   0x000000f4   Code   RO          387    i.TIM134_PWM_Init   pwm.o
    0x08001df8   0x08001df8   0x00000198   Code   RO         1329    i.TIM1_BRK_TIM9_IRQHandler  red_control.o
    0x08001f90   0x08001f90   0x00000034   Code   RO            5    i.TIM5_IRQHandler   main.o
    0x08001fc4   0x08001fc4   0x00000064   Code   RO          494    i.TIM5_Init         timer.o
    0x08002028   0x08002028   0x00000018   Code   RO         5799    i.TIM_ARRPreloadConfig  stm32f4xx_tim.o
    0x08002040   0x08002040   0x00000006   Code   RO         5806    i.TIM_ClearITPendingBit  stm32f4xx_tim.o
    0x08002046   0x08002046   0x00000018   Code   RO         5811    i.TIM_Cmd           stm32f4xx_tim.o
    0x0800205e   0x0800205e   0x00000006   Code   RO         5827    i.TIM_GetCapture2   stm32f4xx_tim.o
    0x08002064   0x08002064   0x00000022   Code   RO         5832    i.TIM_GetITStatus   stm32f4xx_tim.o
    0x08002086   0x08002086   0x0000006e   Code   RO         5834    i.TIM_ICInit        stm32f4xx_tim.o
    0x080020f4   0x080020f4   0x00000012   Code   RO         5836    i.TIM_ITConfig      stm32f4xx_tim.o
    0x08002106   0x08002106   0x00000002   PAD
    0x08002108   0x08002108   0x0000007c   Code   RO         5840    i.TIM_OC1Init       stm32f4xx_tim.o
    0x08002184   0x08002184   0x00000012   Code   RO         5843    i.TIM_OC1PreloadConfig  stm32f4xx_tim.o
    0x08002196   0x08002196   0x0000001a   Code   RO         5847    i.TIM_OC2PolarityConfig  stm32f4xx_tim.o
    0x080021b0   0x080021b0   0x00000004   Code   RO         5873    i.TIM_SetCompare1   stm32f4xx_tim.o
    0x080021b4   0x080021b4   0x00000004   Code   RO         5877    i.TIM_SetCounter    stm32f4xx_tim.o
    0x080021b8   0x080021b8   0x00000012   Code   RO         5878    i.TIM_SetIC1Prescaler  stm32f4xx_tim.o
    0x080021ca   0x080021ca   0x0000001a   Code   RO         5879    i.TIM_SetIC2Prescaler  stm32f4xx_tim.o
    0x080021e4   0x080021e4   0x00000012   Code   RO         5880    i.TIM_SetIC3Prescaler  stm32f4xx_tim.o
    0x080021f6   0x080021f6   0x0000001a   Code   RO         5881    i.TIM_SetIC4Prescaler  stm32f4xx_tim.o
    0x08002210   0x08002210   0x00000084   Code   RO         5883    i.TIM_TimeBaseInit  stm32f4xx_tim.o
    0x08002294   0x08002294   0x00000128   Code   RO            6    i.TRAKER_GOING      main.o
    0x080023bc   0x080023bc   0x00000014   Code   RO         1247    i.TRAKER_Init       traker.o
    0x080023d0   0x080023d0   0x00000030   Code   RO         1248    i.TRAKER_SERVICE    traker.o
    0x08002400   0x08002400   0x00000018   Code   RO          332    i.TimingDelay_Decrement  delay.o
    0x08002418   0x08002418   0x0000002c   Code   RO         1249    i.UART4_IRQHandler  traker.o
    0x08002444   0x08002444   0x0000001c   Code   RO         1250    i.UART4_Send_ArrayU8  traker.o
    0x08002460   0x08002460   0x00000020   Code   RO         1251    i.UART4_Send_U8     traker.o
    0x08002480   0x08002480   0x000000c0   Code   RO         1252    i.UART4_init        traker.o
    0x08002540   0x08002540   0x0000006c   Code   RO         1174    i.USART3_IRQHandler  serial.o
    0x080025ac   0x080025ac   0x000000ac   Code   RO         1175    i.USART3_Init       serial.o
    0x08002658   0x08002658   0x0000001e   Code   RO         1911    i.USART_ClearITPendingBit  stm32f4xx_usart.o
    0x08002676   0x08002676   0x00000018   Code   RO         1914    i.USART_Cmd         stm32f4xx_usart.o
    0x0800268e   0x0800268e   0x00000002   PAD
    0x08002690   0x08002690   0x00000058   Code   RO         1017    i.USART_GPIO_Config  usart.o
    0x080026e8   0x080026e8   0x0000001a   Code   RO         1917    i.USART_GetFlagStatus  stm32f4xx_usart.o
    0x08002702   0x08002702   0x00000054   Code   RO         1918    i.USART_GetITStatus  stm32f4xx_usart.o
    0x08002756   0x08002756   0x0000004a   Code   RO         1920    i.USART_ITConfig    stm32f4xx_usart.o
    0x080027a0   0x080027a0   0x000000d4   Code   RO         1921    i.USART_Init        stm32f4xx_usart.o
    0x08002874   0x08002874   0x0000000a   Code   RO         1928    i.USART_ReceiveData  stm32f4xx_usart.o
    0x0800287e   0x0800287e   0x00000008   Code   RO         1931    i.USART_SendData    stm32f4xx_usart.o
    0x08002886   0x08002886   0x00000004   Code   RO          238    i.UsageFault_Handler  stm32f4xx_it.o
    0x0800288a   0x0800288a   0x00000002   PAD
    0x0800288c   0x0800288c   0x00000044   Code   RO         1018    i.Usart_Config      usart.o
    0x080028d0   0x080028d0   0x0000000e   Code   RO         6740    i.__scatterload_copy  mc_w.l(handlers.o)
    0x080028de   0x080028de   0x00000002   Code   RO         6741    i.__scatterload_null  mc_w.l(handlers.o)
    0x080028e0   0x080028e0   0x0000000e   Code   RO         6742    i.__scatterload_zeroinit  mc_w.l(handlers.o)
    0x080028ee   0x080028ee   0x00000002   PAD
    0x080028f0   0x080028f0   0x00000024   Code   RO          724    i.control_if_move   sr04.o
    0x08002914   0x08002914   0x00000014   Code   RO          333    i.delay_us          delay.o
    0x08002928   0x08002928   0x00000124   Code   RO            7    i.main              main.o
    0x08002a4c   0x08002a4c   0x00000084   Code   RO         1253    i.send_control_data  traker.o
    0x08002ad0   0x08002ad0   0x00006824   Data   RO          769    .constdata          lcd_fonts.o
    0x080092f4   0x080092f4   0x00000020   Data   RO         6738    Region$$Table       anon$$obj.o


    Execution Region RW_IRAM1 (Exec base: 0x20000000, Load base: 0x08009314, Size: 0x00000e00, Max: 0x00020000, ABSOLUTE)

    Exec Addr    Load Addr    Size         Type   Attr      Idx    E Section Name        Object

    0x20000000   0x08009314   0x00000044   Data   RW            8    .data               main.o
    0x20000044   0x08009358   0x00000004   Data   RW          334    .data               delay.o
    0x20000048   0x0800935c   0x00000004   Data   RW          438    .data               encoder.o
    0x2000004c   0x08009360   0x00000078   Data   RW          770    .data               lcd_fonts.o
    0x200000c4   0x080093d8   0x00000008   Data   RW          831    .data               lcd_spi_169.o
    0x200000cc   0x080093e0   0x00000003   Data   RW         1176    .data               serial.o
    0x200000cf   0x080093e3   0x0000000d   Data   RW         1255    .data               traker.o
    0x200000dc   0x080093f0   0x0000000a   Data   RW         1330    .data               red_control.o
    0x200000e6   0x080093fa   0x00000002   PAD
    0x200000e8   0x080093fc   0x00000014   Data   RW         1384    .data               system_stm32f4xx.o
    0x200000fc   0x08009410   0x00000010   Data   RW         1523    .data               stm32f4xx_rcc.o
    0x2000010c        -       0x00000810   Zero   RW          830    .bss                lcd_spi_169.o
    0x2000091c        -       0x00000009   Zero   RW         1068    .bss                pstwo.o
    0x20000925   0x08009420   0x00000001   PAD
    0x20000926        -       0x000000d8   Zero   RW         1254    .bss                traker.o
    0x200009fe   0x08009420   0x00000002   PAD
    0x20000a00        -       0x00000400   Zero   RW         1371    STACK               startup_stm32f40_41xxx.o


==============================================================================

Image component sizes


      Code (inc. data)   RO Data    RW Data    ZI Data      Debug   Object Name

       188         36          0          4          0      30073   delay.o
       516         50          0          4          0       4953   encoder.o
       268         28          0          0          0       1933   gpio.o
         0          0      26660        120          0       2207   lcd_fonts.o
      2434        192          0          8       2064      14985   lcd_spi_169.o
        60          4          0          0          0        627   led.o
       720        112          0         68          0     307550   main.o
       120         14          0          0          0       1320   misc.o
       676         62          0          0          9       5956   pstwo.o
       328         24          0          0          0       2723   pwm.o
       788         52          0         10          0       3444   red_control.o
       312         30          0          3          0       2514   serial.o
       320         28          0          0          0       2207   sr04.o
        36          8        392          0       1024       1012   startup_stm32f40_41xxx.o
       184         16          0          0          0       2688   stm32f4xx_exti.o
       240          0          0          0          0       4391   stm32f4xx_gpio.o
        32          0          0          0          0       5014   stm32f4xx_it.o
       328         36          0         16          0       5523   stm32f4xx_rcc.o
        84          0          0          0          0       2189   stm32f4xx_spi.o
        64          4          0          0          0        796   stm32f4xx_syscfg.o
       908         38          0          0          0      16836   stm32f4xx_tim.o
       468          8          0          0          0       7387   stm32f4xx_usart.o
       340         32          0         20          0       2529   system_stm32f4xx.o
       100          4          0          0          0        760   timer.o
       704         70          0         13        216       7658   traker.o
       156          8          0          0          0       1299   usart.o

    ----------------------------------------------------------------------
     10392        856      27084        268       3316     438574   Object Totals
         0          0         32          0          0          0   (incl. Generated)
        18          0          0          2          3          0   (incl. Padding)

    ----------------------------------------------------------------------

      Code (inc. data)   RO Data    RW Data    ZI Data      Debug   Library Member Name

         0          0          0          0          0          0   entry.o
         0          0          0          0          0          0   entry10a.o
         0          0          0          0          0          0   entry11a.o
         8          4          0          0          0          0   entry2.o
         4          0          0          0          0          0   entry5.o
         0          0          0          0          0          0   entry7b.o
         0          0          0          0          0          0   entry8b.o
         8          4          0          0          0          0   entry9a.o
        30          0          0          0          0          0   handlers.o
        36          8          0          0          0         68   init.o
        36          0          0          0          0         68   memcpya.o
        36          0          0          0          0        108   memseta.o
        14          0          0          0          0         68   strlen.o

    ----------------------------------------------------------------------
       176         16          0          0          0        312   Library Totals
         4          0          0          0          0          0   (incl. Padding)

    ----------------------------------------------------------------------

      Code (inc. data)   RO Data    RW Data    ZI Data      Debug   Library Name

       172         16          0          0          0        312   mc_w.l

    ----------------------------------------------------------------------
       176         16          0          0          0        312   Library Totals

    ----------------------------------------------------------------------

==============================================================================


      Code (inc. data)   RO Data    RW Data    ZI Data      Debug   

     10568        872      27084        268       3316     426738   Grand Totals
     10568        872      27084        268       3316     426738   ELF Image Totals
     10568        872      27084        268          0          0   ROM Totals

==============================================================================

    Total RO  Size (Code + RO Data)                37652 (  36.77kB)
    Total RW  Size (RW Data + ZI Data)              3584 (   3.50kB)
    Total ROM Size (Code + RO Data + RW Data)      37920 (  37.03kB)

==============================================================================

