<html>
<body>
<pre>
<h1>µVision Build Log</h1>
<h2>Tool Versions:</h2>
IDE-Version: ¦ÌVision V5.41.0.0
Copyright (C) 2024 ARM Ltd and ARM Germany GmbH. All rights reserved.
License Information: sdf XK W, wqe, LIC=65ISZ-JHVYW-JJB6S-LXRNN-0BQKP-HDEZB
 
Tool Versions:
Toolchain:       MDK-ARM Plus  Version: 5.41.0.0
Toolchain Path:  D:\keil5\keil_5\ARM\ARMCC\Bin
C Compiler:      Armcc.exe V5.05 update 1 (build 106)
Assembler:       Armasm.exe V5.05 update 1 (build 106)
Linker/Locator:  ArmLink.exe V5.05 update 1 (build 106)
Library Manager: ArmAr.exe V5.05 update 1 (build 106)
Hex Converter:   FromElf.exe V5.05 update 1 (build 106)
CPU DLL:         SARMCM3.DLL V5.41.0.0
Dialog DLL:      DCM.DLL V1.17.5.0
Target DLL:      CMSIS_AGDI.dll V1.33.21.0
Dialog DLL:      TCM.DLL V1.56.4.0
 
<h2>Project:</h2>
D:\Vxdata\WeChat Files\wxid_rlhx6ghskjnr22\FileStorage\File\2025-03\²ÊÆÁ+³¬Éù²¨+PS2+encoder ¾Í²îºÏÁË\²ÊÆÁ+³¬Éù²¨+PS2+encoder\Project\STM32F407.uvprojx
Project File Date:  03/28/2025

<h2>Output:</h2>
*** Using Compiler 'V5.05 update 1 (build 106)', folder: 'D:\keil5\keil_5\ARM\ARMCC\Bin'
Build target 'STM32F407'
compiling red_control.c...
linking...
Program Size: Code=10568 RO-data=27084 RW-data=268 ZI-data=3316  
FromELF: creating hex file...
".\Objects\STM32F429.axf" - 0 Error(s), 0 Warning(s).

<h2>Software Packages used:</h2>

Package Vendor: Keil
                https://www.keil.com/pack/Keil.STM32F4xx_DFP.3.0.0.pack
                Keil::STM32F4xx_DFP@3.0.0
                STMicroelectronics STM32F4 Series Device Support

<h2>Collection of Component include folders:</h2>

<h2>Collection of Component Files used:</h2>
Build Time Elapsed:  00:00:02
</pre>
</body>
</html>
